<html>
<body>
<pre>
<h1>µVision Build Log</h1>
<h2>Tool Versions:</h2>
IDE-Version: ¦ÌVision V5.38.0.0
Copyright (C) 2022 ARM Ltd and ARM Germany GmbH. All rights reserved.
License Information: 1 1, HP, LIC=JDA0P-MRJG0-WK3B8-37ESN-FF88M-49I9M
 
Tool Versions:
Toolchain:       MDK-ARM Professional  Version: 5.38.0.0
Toolchain Path:  d:\software\Keil_v5\ARM\ARMCLANG\Bin
C Compiler:      ArmClang.exe V6.19
Assembler:       Armasm.exe V6.19
Linker/Locator:  ArmLink.exe V6.19
Library Manager: ArmAr.exe V6.19
Hex Converter:   FromElf.exe V6.19
CPU DLL:         SARMCM3.DLL V5.38.0.0
Dialog DLL:      DCM.DLL V1.17.5.0
Target DLL:      STLink\ST-LINKIII-KEIL_SWO.dll V3.1.0.0
Dialog DLL:      TCM.DLL V1.56.4.0
 
<h2>Project:</h2>
D:\items\jb\STM32PicoDk\2.firmware\STM32PicoDK\MDK-ARM\STM32PicoDK.uvprojx
Project File Date:  11/12/2023

<h2>Output:</h2>
*** Using Compiler 'V6.19', folder: 'd:\software\Keil_v5\ARM\ARMCLANG\Bin'
Rebuild target 'STM32PicoDK'
Note: source file '..\UserApp\Main.cpp' - object file renamed from 'STM32PicoDK\Main.o' to 'STM32PicoDK\main_1.o'.
assembling startup_stm32f103xb.s...
compiling i2c.c...
compiling gpio.c...
compiling main.c...
compiling stm32f1xx_hal_gpio_ex.c...
compiling stm32f1xx_hal_dma.c...
compiling stm32f1xx_hal_rcc_ex.c...
compiling dma.c...
compiling stm32f1xx_hal_gpio.c...
compiling stm32f1xx_hal.c...
compiling stm32f1xx_hal_msp.c...
compiling usart.c...
compiling stm32f1xx_hal_cortex.c...
compiling stm32f1xx_hal_pwr.c...
compiling stm32f1xx_it.c...
compiling stm32f1xx_hal_rcc.c...
compiling stm32f1xx_hal_flash.c...
compiling stm32f1xx_hal_flash_ex.c...
compiling stm32f1xx_hal_i2c.c...
compiling stm32f1xx_hal_exti.c...
compiling stm32f1xx_hal_tim_ex.c...
compiling stm32f1xx_hal_tim.c...
compiling FifoArray.cpp...
compiling system_stm32f1xx.c...
compiling Commander.cpp...
compiling stm32f1xx_hal_uart.c...
compiling TimerBase.cpp...
compiling common.cpp...
compiling U8x8lib.cpp...
compiling U8g2lib.cpp...
compiling mui.c...
compiling mui_u8g2.c...
compiling u8g2_box.c...
compiling u8g2_bitmap.c...
compiling u8g2_buffer.c...
compiling u8g2_button.c...
compiling u8g2_cleardisplay.c...
compiling u8g2_circle.c...
compiling u8g2_d_memory.c...
compiling u8g2_hvline.c...
compiling u8g2_font.c...
compiling u8g2_intersection.c...
compiling u8g2_input_value.c...
compiling u8g2_kerning.c...
compiling u8g2_line.c...
compiling u8g2_message.c...
compiling u8g2_ll_hvline.c...
compiling u8g2_polygon.c...
compiling u8g2_selection_list.c...
compiling u8g2_d_setup.c...
compiling SoftTimer.cpp...
compiling u8log.c...
compiling u8g2_setup.c...
compiling Main.cpp...
compiling u8log_u8x8.c...
compiling u8log_u8g2.c...
compiling u8x8_byte.c...
compiling u8x8_8x8.c...
compiling u8x8_cad.c...
compiling u8x8_capture.c...
compiling u8x8_d_a2printer.c...
compiling u8x8_d_gp1247ai.c...
compiling OLed.cpp...
compiling u8x8_d_gp1287ai.c...
compiling u8x8_d_gp1294ai.c...
compiling u8x8_d_gu800.c...
compiling u8x8_d_hd44102.c...
compiling u8x8_d_il3820_296x128.c...
compiling u8x8_d_ist3020.c...
compiling u8x8_d_ist3088.c...
compiling u8x8_d_ist7920.c...
compiling u8x8_d_ks0108.c...
compiling u8x8_d_lc7981.c...
compiling u8x8_d_ld7032_60x32.c...
compiling u8g2_fonts.c...
compiling u8x8_d_ls013b7dh03.c...
compiling u8x8_d_max7219.c...
compiling u8x8_d_pcd8544_84x48.c...
compiling u8x8_d_pcf8812.c...
compiling u8x8_d_pcf8814_hx1230.c...
compiling u8x8_d_s1d15e06.c...
compiling u8x8_d_s1d15300.c...
compiling u8x8_d_s1d15721.c...
compiling u8x8_d_sbn1661.c...
compiling u8x8_d_sed1330.c...
compiling u8x8_d_sh1106_64x32.c...
compiling u8x8_d_sh1106_72x40.c...
compiling u8x8_d_sh1107.c...
compiling u8x8_d_sh1108.c...
compiling u8x8_d_sh1122.c...
compiling u8x8_d_ssd1305.c...
compiling u8x8_d_ssd1306_48x64.c...
compiling u8x8_d_ssd1306_64x32.c...
compiling u8x8_d_ssd1306_64x48.c...
compiling u8x8_d_ssd1306_72x40.c...
compiling u8x8_d_ssd1306_96x16.c...
compiling u8x8_d_ssd1306_96x40.c...
compiling u8x8_d_ssd1306_128x32.c...
compiling u8x8_d_ssd1306_128x64_noname.c...
compiling u8x8_d_ssd1316.c...
compiling u8x8_d_ssd1306_2040x16.c...
compiling u8x8_d_ssd1309.c...
compiling u8x8_d_ssd1317.c...
compiling u8x8_d_ssd1322.c...
compiling u8x8_d_ssd1318.c...
compiling u8x8_d_ssd1320.c...
compiling u8x8_d_ssd1325.c...
compiling u8x8_d_ssd1326.c...
compiling u8x8_d_ssd1327.c...
compiling u8x8_d_ssd1329.c...
compiling u8x8_d_ssd1606_172x72.c...
compiling u8x8_d_ssd1362.c...
compiling u8x8_d_ssd1607_200x200.c...
compiling u8x8_d_st7511.c...
compiling u8x8_d_st7539.c...
compiling u8x8_d_st7528.c...
compiling u8x8_d_st7565.c...
compiling u8x8_d_st7567.c...
compiling u8x8_d_st7571.c...
compiling u8x8_d_st7586s_erc240160.c...
compiling u8x8_d_st7586s_jlx320160.c...
compiling u8x8_d_st7588.c...
compiling u8x8_d_st7586s_jlx384160.c...
compiling u8x8_d_st7586s_ymc240160.c...
compiling u8x8_d_st7586s_s028hn118a.c...
compiling u8x8_d_st7920.c...
compiling u8x8_d_st75160.c...
compiling u8x8_d_st75320.c...
compiling u8x8_d_t6963.c...
compiling u8x8_d_st75256.c...
compiling u8x8_d_uc1601.c...
compiling u8x8_d_uc1604.c...
compiling u8x8_d_uc1609.c...
compiling u8x8_d_uc1610.c...
compiling u8x8_d_uc1608.c...
compiling u8x8_d_uc1611.c...
compiling u8x8_d_uc1617.c...
compiling u8x8_d_uc1628.c...
compiling u8x8_d_uc1638.c...
compiling u8x8_d_uc1701_dogs102.c...
compiling u8x8_debounce.c...
compiling u8x8_d_uc1701_mini12864.c...
compiling u8x8_display.c...
compiling u8x8_input_value.c...
compiling u8x8_message.c...
compiling u8x8_gpio.c...
compiling u8x8_fonts.c...
compiling u8x8_u16toa.c...
compiling u8x8_setup.c...
compiling u8x8_selection_list.c...
compiling u8x8_u8toa.c...
compiling u8x8_string.c...
linking...
Program Size: Code=36656 RO-data=29824 RW-data=52 ZI-data=4340  
FromELF: creating hex file...
"STM32PicoDK\STM32PicoDK.axf" - 0 Error(s), 0 Warning(s).

<h2>Software Packages used:</h2>

Package Vendor: ARM
                http://www.keil.com/pack/ARM.CMSIS.5.9.0.pack
                ARM.CMSIS.5.9.0
                CMSIS (Common Microcontroller Software Interface Standard)
   * Component: CORE Version: 5.6.0

Package Vendor: Keil
                https://www.keil.com/pack/Keil.STM32F1xx_DFP.2.4.1.pack
                Keil.STM32F1xx_DFP.2.4.1
                STMicroelectronics STM32F1 Series Device Support, Drivers and Examples

<h2>Collection of Component include folders:</h2>
  ./RTE/_STM32PicoDK
  D:/software/Keil_v5/Packs/ARM/CMSIS/5.9.0/CMSIS/Core/Include
  D:/software/Keil_v5/Packs/Keil/STM32F1xx_DFP/2.4.1/Device/Include

<h2>Collection of Component Files used:</h2>

   * Component: ARM::CMSIS:CORE:5.6.0
      Include file:  CMSIS/Core/Include/tz_context.h
Build Time Elapsed:  00:00:04
</pre>
</body>
</html>
