Component: Arm Compiler for Embedded 6.19 Tool: armlink [5e73cb00]

==============================================================================

Section Cross References

    startup_stm32f103xb.o(STACK) refers (Special) to heapauxi.o(.text) for __use_two_region_memory
    startup_stm32f103xb.o(HEAP) refers (Special) to heapauxi.o(.text) for __use_two_region_memory
    startup_stm32f103xb.o(RESET) refers (Special) to heapauxi.o(.text) for __use_two_region_memory
    startup_stm32f103xb.o(RESET) refers to startup_stm32f103xb.o(STACK) for __initial_sp
    startup_stm32f103xb.o(RESET) refers to startup_stm32f103xb.o(.text) for Reset_Handler
    startup_stm32f103xb.o(RESET) refers to lto-llvm-f38d27.o(.text.NMI_Handler) for NMI_Handler
    startup_stm32f103xb.o(RESET) refers to lto-llvm-f38d27.o(.text.HardFault_Handler) for HardFault_Handler
    startup_stm32f103xb.o(RESET) refers to lto-llvm-f38d27.o(.text.MemManage_Handler) for MemManage_Handler
    startup_stm32f103xb.o(RESET) refers to lto-llvm-f38d27.o(.text.BusFault_Handler) for BusFault_Handler
    startup_stm32f103xb.o(RESET) refers to lto-llvm-f38d27.o(.text.UsageFault_Handler) for UsageFault_Handler
    startup_stm32f103xb.o(RESET) refers to lto-llvm-f38d27.o(.text.SVC_Handler) for SVC_Handler
    startup_stm32f103xb.o(RESET) refers to lto-llvm-f38d27.o(.text.DebugMon_Handler) for DebugMon_Handler
    startup_stm32f103xb.o(RESET) refers to lto-llvm-f38d27.o(.text.PendSV_Handler) for PendSV_Handler
    startup_stm32f103xb.o(RESET) refers to lto-llvm-f38d27.o(.text.SysTick_Handler) for SysTick_Handler
    startup_stm32f103xb.o(RESET) refers to lto-llvm-f38d27.o(.text.DMA1_Channel4_IRQHandler) for DMA1_Channel4_IRQHandler
    startup_stm32f103xb.o(RESET) refers to lto-llvm-f38d27.o(.text.DMA1_Channel5_IRQHandler) for DMA1_Channel5_IRQHandler
    startup_stm32f103xb.o(RESET) refers to lto-llvm-f38d27.o(.text.USART1_IRQHandler) for USART1_IRQHandler
    startup_stm32f103xb.o(.text) refers (Special) to heapauxi.o(.text) for __use_two_region_memory
    startup_stm32f103xb.o(.text) refers to lto-llvm-f38d27.o(.text.SystemInit) for SystemInit
    startup_stm32f103xb.o(.text) refers to __main.o(!!!main) for __main
    startup_stm32f103xb.o(.text) refers to startup_stm32f103xb.o(HEAP) for Heap_Mem
    startup_stm32f103xb.o(.text) refers to startup_stm32f103xb.o(STACK) for Stack_Mem
    printf.o(.text) refers (Special) to _printf_a.o(.ARM.Collect$$_printf_percent$$00000006) for _printf_a
    printf.o(.text) refers (Special) to _printf_c.o(.ARM.Collect$$_printf_percent$$00000013) for _printf_c
    printf.o(.text) refers (Special) to _printf_charcount.o(.text) for _printf_charcount
    printf.o(.text) refers (Special) to _printf_d.o(.ARM.Collect$$_printf_percent$$00000009) for _printf_d
    printf.o(.text) refers (Special) to _printf_e.o(.ARM.Collect$$_printf_percent$$00000004) for _printf_e
    printf.o(.text) refers (Special) to _printf_f.o(.ARM.Collect$$_printf_percent$$00000003) for _printf_f
    printf.o(.text) refers (Special) to printf1.o(x$fpl$printf1) for _printf_fp_dec
    printf.o(.text) refers (Special) to printf2.o(x$fpl$printf2) for _printf_fp_hex
    printf.o(.text) refers (Special) to _printf_g.o(.ARM.Collect$$_printf_percent$$00000005) for _printf_g
    printf.o(.text) refers (Special) to _printf_i.o(.ARM.Collect$$_printf_percent$$00000008) for _printf_i
    printf.o(.text) refers (Special) to _printf_dec.o(.text) for _printf_int_dec
    printf.o(.text) refers (Special) to _printf_l.o(.ARM.Collect$$_printf_percent$$00000012) for _printf_l
    printf.o(.text) refers (Special) to _printf_lc.o(.ARM.Collect$$_printf_percent$$00000015) for _printf_lc
    printf.o(.text) refers (Special) to _printf_ll.o(.ARM.Collect$$_printf_percent$$00000007) for _printf_ll
    printf.o(.text) refers (Special) to _printf_lld.o(.ARM.Collect$$_printf_percent$$0000000E) for _printf_lld
    printf.o(.text) refers (Special) to _printf_lli.o(.ARM.Collect$$_printf_percent$$0000000D) for _printf_lli
    printf.o(.text) refers (Special) to _printf_llo.o(.ARM.Collect$$_printf_percent$$00000010) for _printf_llo
    printf.o(.text) refers (Special) to _printf_llu.o(.ARM.Collect$$_printf_percent$$0000000F) for _printf_llu
    printf.o(.text) refers (Special) to _printf_llx.o(.ARM.Collect$$_printf_percent$$00000011) for _printf_llx
    printf.o(.text) refers (Special) to _printf_longlong_dec.o(.text) for _printf_longlong_dec
    printf.o(.text) refers (Special) to _printf_hex_int_ll_ptr.o(.text) for _printf_longlong_hex
    printf.o(.text) refers (Special) to _printf_oct_int_ll.o(.text) for _printf_longlong_oct
    printf.o(.text) refers (Special) to _printf_ls.o(.ARM.Collect$$_printf_percent$$00000016) for _printf_ls
    printf.o(.text) refers (Special) to _printf_n.o(.ARM.Collect$$_printf_percent$$00000001) for _printf_n
    printf.o(.text) refers (Special) to _printf_o.o(.ARM.Collect$$_printf_percent$$0000000B) for _printf_o
[...]
    SPI1_IRQHandler                          0x08000267   Thumb Code     0  startup_stm32f103xb.o(.text)
    SPI2_IRQHandler                          0x08000267   Thumb Code     0  startup_stm32f103xb.o(.text)
    TAMPER_IRQHandler                        0x08000267   Thumb Code     0  startup_stm32f103xb.o(.text)
    TIM1_BRK_IRQHandler                      0x08000267   Thumb Code     0  startup_stm32f103xb.o(.text)
    TIM1_CC_IRQHandler                       0x08000267   Thumb Code     0  startup_stm32f103xb.o(.text)
    TIM1_TRG_COM_IRQHandler                  0x08000267   Thumb Code     0  startup_stm32f103xb.o(.text)
    TIM1_UP_IRQHandler                       0x08000267   Thumb Code     0  startup_stm32f103xb.o(.text)
    TIM2_IRQHandler                          0x08000267   Thumb Code     0  startup_stm32f103xb.o(.text)
    TIM3_IRQHandler                          0x08000267   Thumb Code     0  startup_stm32f103xb.o(.text)
    TIM4_IRQHandler                          0x08000267   Thumb Code     0  startup_stm32f103xb.o(.text)
    USART2_IRQHandler                        0x08000267   Thumb Code     0  startup_stm32f103xb.o(.text)
    USART3_IRQHandler                        0x08000267   Thumb Code     0  startup_stm32f103xb.o(.text)
    USBWakeUp_IRQHandler                     0x08000267   Thumb Code     0  startup_stm32f103xb.o(.text)
    USB_HP_CAN1_TX_IRQHandler                0x08000267   Thumb Code     0  startup_stm32f103xb.o(.text)
    USB_LP_CAN1_RX0_IRQHandler               0x08000267   Thumb Code     0  startup_stm32f103xb.o(.text)
    WWDG_IRQHandler                          0x08000267   Thumb Code     0  startup_stm32f103xb.o(.text)
    __user_initial_stackheap                 0x08000269   Thumb Code     0  startup_stm32f103xb.o(.text)
    printf                                   0x0800028d   Thumb Code    20  printf.o(.text)
    abort                                    0x080002a5   Thumb Code    22  abort.o(.text)
    __cxa_atexit                             0x080002bb   Thumb Code    10  cxa_atexit.o(.text)
    strchr                                   0x080002c5   Thumb Code    20  strchr.o(.text)
    strcpy                                   0x080002d9   Thumb Code    72  strcpy.o(.text)
    strlen                                   0x08000321   Thumb Code    62  strlen.o(.text)
    strncmp                                  0x0800035f   Thumb Code   150  strncmp.o(.text)
    strncpy                                  0x080003f5   Thumb Code    86  strncpy.o(.text)
    __use_two_region_memory                  0x0800044b   Thumb Code     2  heapauxi.o(.text)
    __rt_heap_escrow                         0x0800044d   Thumb Code     2  heapauxi.o(.text)
    __rt_heap_expand                         0x0800044f   Thumb Code     2  heapauxi.o(.text)
    _sys_exit                                0x08000451   Thumb Code     8  sys_exit.o(.text)
    __aeabi_errno_addr                       0x0800045d   Thumb Code     8  rt_errno_addr_intlibspace.o(.text)
    __errno$intlibspace                      0x0800045d   Thumb Code     0  rt_errno_addr_intlibspace.o(.text)
    __rt_errno_addr$intlibspace              0x0800045d   Thumb Code     0  rt_errno_addr_intlibspace.o(.text)
    malloc                                   0x08000465   Thumb Code    94  h1_alloc.o(.text)
    free                                     0x080004c3   Thumb Code    78  h1_free.o(.text)
    _printf_pre_padding                      0x08000511   Thumb Code    44  _printf_pad.o(.text)
    _printf_post_padding                     0x0800053d   Thumb Code    34  _printf_pad.o(.text)
    _printf_truncate_signed                  0x0800055f   Thumb Code    18  _printf_truncate.o(.text)
    _printf_truncate_unsigned                0x08000571   Thumb Code    18  _printf_truncate.o(.text)
    _printf_str                              0x08000583   Thumb Code    82  _printf_str.o(.text)
    _printf_int_dec                          0x080005d5   Thumb Code   104  _printf_dec.o(.text)
    _printf_charcount                        0x0800064d   Thumb Code    40  _printf_charcount.o(.text)
    _printf_char_file                        0x08000675   Thumb Code    32  _printf_char_file.o(.text)
    _printf_wctomb                           0x08000699   Thumb Code   182  _printf_wctomb.o(.text)
    _printf_longlong_dec                     0x08000755   Thumb Code   108  _printf_longlong_dec.o(.text)
    _printf_longlong_oct                     0x080007d1   Thumb Code    68  _printf_oct_int_ll.o(.text)
    _printf_int_oct                          0x08000815   Thumb Code    24  _printf_oct_int_ll.o(.text)
    _printf_ll_oct                           0x0800082d   Thumb Code    12  _printf_oct_int_ll.o(.text)
    _printf_longlong_hex                     0x08000841   Thumb Code    86  _printf_hex_int_ll_ptr.o(.text)
    _printf_int_hex                          0x08000897   Thumb Code    28  _printf_hex_int_ll_ptr.o(.text)
    _printf_ll_hex                           0x080008b3   Thumb Code    12  _printf_hex_int_ll_ptr.o(.text)
    _printf_hex_ptr                          0x080008bf   Thumb Code    18  _printf_hex_int_ll_ptr.o(.text)
    __printf                                 0x080008d5   Thumb Code   388  __printf_flags_ss_wp.o(.text)
    __aeabi_atexit                           0x08000a5d   Thumb Code    46  aeabi_atexit.o(.text)
    __rt_SIGABRT                             0x08000a8b   Thumb Code    14  defsig_abrt_outer.o(.text)
    __aeabi_memcpy                           0x08000a99   Thumb Code     0  rt_memcpy_v6.o(.text)
    __rt_memcpy                              0x08000a99   Thumb Code   138  rt_memcpy_v6.o(.text)
    _memcpy_lastbytes                        0x08000aff   Thumb Code     0  rt_memcpy_v6.o(.text)
    __aeabi_memclr                           0x08000b23   Thumb Code     0  rt_memclr.o(.text)
    __rt_memclr                              0x08000b23   Thumb Code     0  rt_memclr.o(.text)
    _memset                                  0x08000b27   Thumb Code    64  rt_memclr.o(.text)
    __user_libspace                          0x08000b69   Thumb Code     8  libspace.o(.text)
    __user_perproc_libspace                  0x08000b69   Thumb Code     0  libspace.o(.text)
    __user_perthread_libspace                0x08000b69   Thumb Code     0  libspace.o(.text)
    __I$use$semihosting                      0x08000b71   Thumb Code     0  use_no_semi.o(.text)
    __use_no_semihosting_swi                 0x08000b71   Thumb Code     2  use_no_semi.o(.text)
    __semihosting_library_function           0x08000b73   Thumb Code     0  indicate_semi.o(.text)
    __rt_ctype_table                         0x08000b75   Thumb Code    16  rt_ctype_table.o(.text)
    __rt_heap_descriptor                     0x08000b85   Thumb Code     8  rt_heap_descriptor_intlibspace.o(.text)
    __rt_ddtor_pointer_addr                  0x08000b8d   Thumb Code     8  rt_ddtor_pointer_addr_intlibspace.o(.text)
    __use_no_heap                            0x08000b95   Thumb Code     2  hguard.o(.text)
    __heap$guard                             0x08000b97   Thumb Code     2  hguard.o(.text)
    _terminate_user_alloc                    0x08000b99   Thumb Code     2  init_alloc.o(.text)
    _init_user_alloc                         0x08000b9b   Thumb Code     2  init_alloc.o(.text)
    __Heap_Full                              0x08000b9d   Thumb Code    34  init_alloc.o(.text)
    __Heap_Broken                            0x08000bbf   Thumb Code     6  init_alloc.o(.text)
    _init_alloc                              0x08000bc5   Thumb Code    94  init_alloc.o(.text)
    __Heap_Initialize                        0x08000c23   Thumb Code    10  h1_init.o(.text)
    __Heap_DescSize                          0x08000c2d   Thumb Code     4  h1_init.o(.text)
    _ll_udiv10                               0x08000c31   Thumb Code   138  lludiv10.o(.text)
    _printf_int_common                       0x08000cbb   Thumb Code   178  _printf_intcommon.o(.text)
    _printf_fp_dec_real                      0x08000f1d   Thumb Code   620  _printf_fp_dec.o(.text)
    _printf_fp_hex_real                      0x08001189   Thumb Code   756  _printf_fp_hex.o(.text)
    _printf_char_common                      0x0800148f   Thumb Code    32  _printf_char_common.o(.text)
    _printf_cs_common                        0x080014b5   Thumb Code    20  _printf_char.o(.text)
    _printf_char                             0x080014c9   Thumb Code    16  _printf_char.o(.text)
    _printf_string                           0x080014d9   Thumb Code     8  _printf_char.o(.text)
    _printf_lcs_common                       0x080014e1   Thumb Code    20  _printf_wchar.o(.text)
    _printf_wchar                            0x080014f5   Thumb Code    16  _printf_wchar.o(.text)
    _printf_wstring                          0x08001505   Thumb Code     8  _printf_wchar.o(.text)
    ferror                                   0x0800150d   Thumb Code     8  ferror.o(.text)
    _initio                                  0x08001515   Thumb Code   210  initio.o(.text)
    _terminateio                             0x080015e7   Thumb Code    56  initio.o(.text)
    _c16rtomb                                0x0800164d   Thumb Code    72  _c16rtomb.o(.text)
    _wcrtomb                                 0x0800164d   Thumb Code     0  _c16rtomb.o(.text)
    __cxa_finalize                           0x08001695   Thumb Code    66  cxa_finalize.o(.text)
    __sig_exit                               0x080016d7   Thumb Code    10  defsig_exit.o(.text)
    __rt_SIGABRT_inner                       0x080016e1   Thumb Code    14  defsig_abrt_inner.o(.text)
    __aeabi_memcpy4                          0x08001711   Thumb Code     0  rt_memcpy_w.o(.text)
    __aeabi_memcpy8                          0x08001711   Thumb Code     0  rt_memcpy_w.o(.text)
    __rt_memcpy_w                            0x08001711   Thumb Code   100  rt_memcpy_w.o(.text)
    _memcpy_lastbytes_aligned                0x08001759   Thumb Code     0  rt_memcpy_w.o(.text)
    __aeabi_memclr4                          0x08001775   Thumb Code     0  rt_memclr_w.o(.text)
    __aeabi_memclr8                          0x08001775   Thumb Code     0  rt_memclr_w.o(.text)
    __rt_memclr_w                            0x08001775   Thumb Code     0  rt_memclr_w.o(.text)
    _memset_w                                0x08001779   Thumb Code    74  rt_memclr_w.o(.text)
    __user_setup_stackheap                   0x080017c3   Thumb Code    74  sys_stackheap_outer.o(.text)
    __rt_locale                              0x0800180d   Thumb Code     8  rt_locale_intlibspace.o(.text)
    __Heap_ProvideMemory                     0x08001815   Thumb Code    52  h1_extend.o(.text)
    _maybe_terminate_alloc                   0x08001815   Thumb Code     0  maybetermalloc1.o(.text)
    _printf_fp_infnan                        0x08001849   Thumb Code   112  _printf_fp_infnan.o(.text)
    _btod_etento                             0x080018c9   Thumb Code   224  bigflt0.o(.text)
    __flsbuf                                 0x080019ad   Thumb Code   482  flsbuf.o(.text)
    __flsbuf_byte                            0x080019ad   Thumb Code     0  flsbuf.o(.text)
    __flsbuf_wide                            0x080019ad   Thumb Code     0  flsbuf.o(.text)
    setvbuf                                  0x08001b8f   Thumb Code    70  setvbuf.o(.text)
    freopen                                  0x08001bd5   Thumb Code   160  fopen.o(.text)
    fopen                                    0x08001c75   Thumb Code    74  fopen.o(.text)
    _fclose_internal                         0x08001cc5   Thumb Code    76  fclose.o(.text)
    fclose                                   0x08001cc5   Thumb Code     0  fclose.o(.text)
    exit                                     0x08001d11   Thumb Code    18  exit.o(.text)
    __default_signal_display                 0x08001d23   Thumb Code    50  defsig_general.o(.text)
    __rt_SIGRTRED                            0x08001d55   Thumb Code    14  defsig_rtred_outer.o(.text)
    __rt_SIGRTMEM                            0x08001d63   Thumb Code    14  defsig_rtmem_outer.o(.text)
    strcmp                                   0x08001d71   Thumb Code   128  strcmpv7m.o(.text)
    _sys_open                                0x08001df1   Thumb Code    20  sys_io.o(.text)
    _sys_close                               0x08001e05   Thumb Code    12  sys_io.o(.text)
    _sys_write                               0x08001e11   Thumb Code    16  sys_io.o(.text)
    _sys_read                                0x08001e21   Thumb Code    14  sys_io.o(.text)
    _sys_istty                               0x08001e2f   Thumb Code    12  sys_io.o(.text)
    _sys_seek                                0x08001e3b   Thumb Code    14  sys_io.o(.text)
    _sys_ensure                              0x08001e49   Thumb Code     2  sys_io.o(.text)
    _sys_flen                                0x08001e4b   Thumb Code    12  sys_io.o(.text)
    _ttywrch                                 0x08001e57   Thumb Code    14  sys_wrch.o(.text)
    _fseek                                   0x08001e65   Thumb Code   242  fseek.o(.text)
    fseek                                    0x08001e65   Thumb Code     0  fseek.o(.text)
    _seterr                                  0x08001f5d   Thumb Code    20  stdio.o(.text)
    _writebuf                                0x08001f71   Thumb Code   108  stdio.o(.text)
    _fflush                                  0x08001fdd   Thumb Code    70  stdio.o(.text)
    _deferredlazyseek                        0x08002023   Thumb Code    60  stdio.o(.text)
    __rt_SIGRTRED_inner                      0x08002065   Thumb Code    14  defsig_rtred_inner.o(.text)
    __rt_SIGRTMEM_inner                      0x08002099   Thumb Code    22  defsig_rtmem_inner.o(.text)
    _ftell_internal                          0x080020e9   Thumb Code    66  ftell.o(.text)
    ftell                                    0x080020e9   Thumb Code     0  ftell.o(.text)
    __cpp_initialize__aeabi_                 0x0800212d   Thumb Code    28  init_aeabi.o(.text)
    BusFault_Handler                         0x08002151   Thumb Code     4  lto-llvm-f38d27.o(.text.BusFault_Handler)
    DMA1_Channel4_IRQHandler                 0x08002155   Thumb Code    16  lto-llvm-f38d27.o(.text.DMA1_Channel4_IRQHandler)
    DMA1_Channel5_IRQHandler                 0x08002165   Thumb Code    16  lto-llvm-f38d27.o(.text.DMA1_Channel5_IRQHandler)
    DebugMon_Handler                         0x080021c9   Thumb Code     2  lto-llvm-f38d27.o(.text.DebugMon_Handler)
    HardFault_Handler                        0x0800423d   Thumb Code     4  lto-llvm-f38d27.o(.text.HardFault_Handler)
    MemManage_Handler                        0x080049e9   Thumb Code     4  lto-llvm-f38d27.o(.text.MemManage_Handler)
    NMI_Handler                              0x080049ed   Thumb Code     4  lto-llvm-f38d27.o(.text.NMI_Handler)
    PendSV_Handler                           0x08004a55   Thumb Code     2  lto-llvm-f38d27.o(.text.PendSV_Handler)
    SVC_Handler                              0x08004a95   Thumb Code     2  lto-llvm-f38d27.o(.text.SVC_Handler)
    SysTick_Handler                          0x08004aed   Thumb Code     8  lto-llvm-f38d27.o(.text.SysTick_Handler)
    SystemInit                               0x08004b65   Thumb Code     2  lto-llvm-f38d27.o(.text.SystemInit)
    USART1_IRQHandler                        0x080051dd   Thumb Code    12  lto-llvm-f38d27.o(.text.USART1_IRQHandler)
    UsageFault_Handler                       0x080051e9   Thumb Code     4  lto-llvm-f38d27.o(.text.UsageFault_Handler)
    std::__2::basic_string<char, std::__2::char_traits<char>, std::__2::allocator<char>>::~basic_string() 0x08005f5b   Thumb Code    30  string.cpp.o(.text._ZNSt3__212basic_stringIcNS_11char_traitsIcEENS_9allocatorIcEEED2Ev)
    std::__2::basic_string<char, std::__2::char_traits<char>, std::__2::allocator<char>>::~basic_string__sub_object() 0x08005f5b   Thumb Code    30  string.cpp.o(.text._ZNSt3__212basic_stringIcNS_11char_traitsIcEENS_9allocatorIcEEED2Ev)
    char* std::__2::__itoa::__append10[abi:v16000]<unsigned int>(char*, unsigned int) 0x08005f83   Thumb Code   202  string.cpp.o(.text._ZNSt3__26__itoa10__append10B6v16000IjEEPcS2_T_)
    std::__2::__itoa::__base_10_u32[abi:v16000](char*, unsigned int) 0x0800604d   Thumb Code   862  string.cpp.o(.text._ZNSt3__26__itoa13__base_10_u32B6v16000EPcj)
    std::__2::to_string(int)                 0x080063ab   Thumb Code   178  string.cpp.o(.text._ZNSt3__29to_stringEi)
    std::get_new_handler()                   0x0800645d   Thumb Code    12  cxa_handlers.cpp.o(.text._ZSt15get_new_handlerv)
    operator delete[](void*)                 0x08006469   Thumb Code     4  new.cpp.o(.text._ZdaPv)
    operator delete(void*)                   0x0800646d   Thumb Code     4  new.cpp.o(.text._ZdlPv)
    operator delete(void*, unsigned int)     0x08006471   Thumb Code     4  new.cpp.o(.text._ZdlPvj)
    operator new[](unsigned int)             0x08006475   Thumb Code     4  new.cpp.o(.text._Znaj)
    operator new(unsigned int)               0x08006479   Thumb Code    38  new.cpp.o(.text._Znwj)
    main                                     0x0800663d   Thumb Code    40  lto-llvm-f38d27.o(.text.main)
    _btod_d2e                                0x080087d7   Thumb Code    62  btod.o(CL$$btod_d2e)
    _d2e_denorm_low                          0x08008815   Thumb Code    70  btod.o(CL$$btod_d2e_denorm_low)
    _d2e_norm_op1                            0x0800885b   Thumb Code    96  btod.o(CL$$btod_d2e_norm_op1)
    __btod_div_common                        0x080088bd   Thumb Code   696  btod.o(CL$$btod_div_common)
    _e2e                                     0x08008bf5   Thumb Code   220  btod.o(CL$$btod_e2e)
    _btod_ediv                               0x08008cd1   Thumb Code    42  btod.o(CL$$btod_ediv)
    _btod_emul                               0x08008cfb   Thumb Code    42  btod.o(CL$$btod_emul)
    __btod_mult_common                       0x08008d25   Thumb Code   580  btod.o(CL$$btod_mult_common)
    __ARM_fpclassify                         0x08008f69   Thumb Code    40  fpclassify.o(i.__ARM_fpclassify)
    _is_digit                                0x08008f91   Thumb Code    14  __printf_wp.o(i._is_digit)
    fputc                                    0x08008f9f   Thumb Code    28  fputc.o(i.fputc)
    _get_lc_numeric                          0x08008fbd   Thumb Code    44  lc_numeric_c.o(locale$$code)
    _get_lc_ctype                            0x08008fe9   Thumb Code    44  lc_ctype_c.o(locale$$code)
    _printf_fp_dec                           0x08009015   Thumb Code     4  printf1.o(x$fpl$printf1)
    _printf_fp_hex                           0x08009019   Thumb Code     4  printf2.o(x$fpl$printf2)
    __I$use$fp                               0x0800901c   Number         0  usenofp.o(x$fpl$usenofp)
    __stdin_name                             0x08009083   Data           4  sys_io_names.o(.constdata)
    __stdout_name                            0x08009087   Data           4  sys_io_names.o(.constdata)
    __stderr_name                            0x0800908b   Data           4  sys_io_names.o(.constdata)
    std::__2::__itoa::__table<void>::__pow10_32 0x08009128   Data          40  string.cpp.o(.rodata._ZNSt3__26__itoa7__tableIvE10__pow10_32E)
    std::__2::__itoa::__table<void>::__digits_base_10 0x08009150   Data         200  string.cpp.o(.rodata._ZNSt3__26__itoa7__tableIvE16__digits_base_10E)
    Region$$Table$$Base                      0x08010260   Number         0  anon$$obj.o(Region$$Table)
    Region$$Table$$Limit                     0x08010280   Number         0  anon$$obj.o(Region$$Table)
    __ctype                                  0x080102a9   Data           0  lc_ctype_c.o(locale$$data)
    SHT$$INIT_ARRAY$$Base                    0x080103ac   Number         0  lto-llvm-f38d27.o(.init_array)
    SHT$$INIT_ARRAY$$Limit                   0x080103b0   Number         0  init_aeabi.o(.init_array)
    __aeabi_stdin                            0x20000000   Data           4  stdio_streams.o(.data)
    __aeabi_stdout                           0x20000004   Data           4  stdio_streams.o(.data)
    __aeabi_stderr                           0x20000008   Data           4  stdio_streams.o(.data)
    __stdin                                  0x20000038   Data          84  stdio_streams.o(.bss)
    __stdout                                 0x2000008c   Data          84  stdio_streams.o(.bss)
    __stderr                                 0x200000e0   Data          84  stdio_streams.o(.bss)
    __libspace_start                         0x20000134   Data          96  libspace.o(.bss)
    __temporary_stack_top$libspace           0x20000194   Data           0  libspace.o(.bss)
    __cxa_new_handler                        0x200001dc   Data           4  cxa_default_handlers.cpp.o(.bss.__cxa_new_handler)



==============================================================================

Memory Map of the image

  Image Entry point : 0x080000ed

  Load Region LR_IROM1 (Base: 0x08000000, Size: 0x000103e8, Max: 0x00020000, ABSOLUTE)

    Execution Region ER_IROM1 (Exec base: 0x08000000, Load base: 0x08000000, Size: 0x000103b0, Max: 0x00020000, ABSOLUTE)

    Exec Addr    Load Addr    Size         Type   Attr      Idx    E Section Name        Object

    0x08000000   0x08000000   0x000000ec   Data   RO            3    RESET               startup_stm32f103xb.o
    0x080000ec   0x080000ec   0x00000008   Code   RO          185  * !!!main             c_w.l(__main.o)
    0x080000f4   0x080000f4   0x00000034   Code   RO         1819    !!!scatter          c_w.l(__scatter.o)
    0x08000128   0x08000128   0x0000001a   Code   RO         1821    !!handler_copy      c_w.l(__scatter_copy.o)
    0x08000142   0x08000142   0x00000002   PAD
    0x08000144   0x08000144   0x0000001c   Code   RO         1823    !!handler_zi        c_w.l(__scatter_zi.o)
    0x08000160   0x08000160   0x00000000   Code   RO          701    .ARM.Collect$$_printf_percent$$00000000  c_w.l(_printf_percent.o)
    0x08000160   0x08000160   0x00000006   Code   RO          690    .ARM.Collect$$_printf_percent$$00000001  c_w.l(_printf_n.o)
    0x08000166   0x08000166   0x00000006   Code   RO          692    .ARM.Collect$$_printf_percent$$00000002  c_w.l(_printf_p.o)
    0x0800016c   0x0800016c   0x00000006   Code   RO          697    .ARM.Collect$$_printf_percent$$00000003  c_w.l(_printf_f.o)
    0x08000172   0x08000172   0x00000006   Code   RO          698    .ARM.Collect$$_printf_percent$$00000004  c_w.l(_printf_e.o)
    0x08000178   0x08000178   0x00000006   Code   RO          699    .ARM.Collect$$_printf_percent$$00000005  c_w.l(_printf_g.o)
    0x0800017e   0x0800017e   0x00000006   Code   RO          700    .ARM.Collect$$_printf_percent$$00000006  c_w.l(_printf_a.o)
    0x08000184   0x08000184   0x0000000a   Code   RO          705    .ARM.Collect$$_printf_percent$$00000007  c_w.l(_printf_ll.o)
    0x0800018e   0x0800018e   0x00000006   Code   RO          694    .ARM.Collect$$_printf_percent$$00000008  c_w.l(_printf_i.o)
    0x08000194   0x08000194   0x00000006   Code   RO          695    .ARM.Collect$$_printf_percent$$00000009  c_w.l(_printf_d.o)
    0x0800019a   0x0800019a   0x00000006   Code   RO          696    .ARM.Collect$$_printf_percent$$0000000A  c_w.l(_printf_u.o)
    0x080001a0   0x080001a0   0x00000006   Code   RO          693    .ARM.Collect$$_printf_percent$$0000000B  c_w.l(_printf_o.o)
    0x080001a6   0x080001a6   0x00000006   Code   RO          691    .ARM.Collect$$_printf_percent$$0000000C  c_w.l(_printf_x.o)
    0x080001ac   0x080001ac   0x00000006   Code   RO          702    .ARM.Collect$$_printf_percent$$0000000D  c_w.l(_printf_lli.o)
    0x080001b2   0x080001b2   0x00000006   Code   RO          703    .ARM.Collect$$_printf_percent$$0000000E  c_w.l(_printf_lld.o)
    0x080001b8   0x080001b8   0x00000006   Code   RO          704    .ARM.Collect$$_printf_percent$$0000000F  c_w.l(_printf_llu.o)
    0x080001be   0x080001be   0x00000006   Code   RO          709    .ARM.Collect$$_printf_percent$$00000010  c_w.l(_printf_llo.o)
    0x080001c4   0x080001c4   0x00000006   Code   RO          710    .ARM.Collect$$_printf_percent$$00000011  c_w.l(_printf_llx.o)
    0x080001ca   0x080001ca   0x0000000a   Code   RO          706    .ARM.Collect$$_printf_percent$$00000012  c_w.l(_printf_l.o)
    0x080001d4   0x080001d4   0x00000006   Code   RO          688    .ARM.Collect$$_printf_percent$$00000013  c_w.l(_printf_c.o)
    0x080001da   0x080001da   0x00000006   Code   RO          689    .ARM.Collect$$_printf_percent$$00000014  c_w.l(_printf_s.o)
    0x080001e0   0x080001e0   0x00000006   Code   RO          707    .ARM.Collect$$_printf_percent$$00000015  c_w.l(_printf_lc.o)
    0x080001e6   0x080001e6   0x00000006   Code   RO          708    .ARM.Collect$$_printf_percent$$00000016  c_w.l(_printf_ls.o)
    0x080001ec   0x080001ec   0x00000004   Code   RO          900    .ARM.Collect$$_printf_percent$$00000017  c_w.l(_printf_percent_end.o)
    0x080001f0   0x080001f0   0x00000002   Code   RO         1134    .ARM.Collect$$libinit$$00000000  c_w.l(libinit.o)
    0x080001f2   0x080001f2   0x00000000   Code   RO          956    .ARM.Collect$$libinit$$00000002  c_w.l(libinit2.o)
    0x080001f2   0x080001f2   0x00000000   Code   RO          958    .ARM.Collect$$libinit$$00000004  c_w.l(libinit2.o)
    0x080001f2   0x080001f2   0x00000000   Code   RO          960    .ARM.Collect$$libinit$$00000006  c_w.l(libinit2.o)
    0x080001f2   0x080001f2   0x00000008   Code   RO          961    .ARM.Collect$$libinit$$00000007  c_w.l(libinit2.o)
    0x080001fa   0x080001fa   0x00000000   Code   RO          963    .ARM.Collect$$libinit$$0000000C  c_w.l(libinit2.o)
    0x080001fa   0x080001fa   0x00000000   Code   RO          965    .ARM.Collect$$libinit$$0000000E  c_w.l(libinit2.o)
    0x080001fa   0x080001fa   0x00000000   Code   RO          967    .ARM.Collect$$libinit$$00000010  c_w.l(libinit2.o)
    0x080001fa   0x080001fa   0x00000006   Code   RO          968    .ARM.Collect$$libinit$$00000011  c_w.l(libinit2.o)
    0x08000200   0x08000200   0x00000000   Code   RO          970    .ARM.Collect$$libinit$$00000013  c_w.l(libinit2.o)
    0x08000200   0x08000200   0x0000000c   Code   RO          971    .ARM.Collect$$libinit$$00000014  c_w.l(libinit2.o)
    0x0800020c   0x0800020c   0x00000000   Code   RO          972    .ARM.Collect$$libinit$$00000015  c_w.l(libinit2.o)
    0x0800020c   0x0800020c   0x00000000   Code   RO          974    .ARM.Collect$$libinit$$00000017  c_w.l(libinit2.o)
    0x0800020c   0x0800020c   0x0000000a   Code   RO          975    .ARM.Collect$$libinit$$00000018  c_w.l(libinit2.o)
    0x08000216   0x08000216   0x00000000   Code   RO          976    .ARM.Collect$$libinit$$00000019  c_w.l(libinit2.o)
    0x08000216   0x08000216   0x00000000   Code   RO          978    .ARM.Collect$$libinit$$0000001B  c_w.l(libinit2.o)
    0x08000216   0x08000216   0x00000000   Code   RO          980    .ARM.Collect$$libinit$$0000001D  c_w.l(libinit2.o)
    0x08000216   0x08000216   0x00000000   Code   RO          982    .ARM.Collect$$libinit$$0000001F  c_w.l(libinit2.o)
    0x08000216   0x08000216   0x00000000   Code   RO          984    .ARM.Collect$$libinit$$00000021  c_w.l(libinit2.o)
    0x08000216   0x08000216   0x00000000   Code   RO          986    .ARM.Collect$$libinit$$00000023  c_w.l(libinit2.o)
    0x08000216   0x08000216   0x00000000   Code   RO          988    .ARM.Collect$$libinit$$00000025  c_w.l(libinit2.o)
    0x08000216   0x08000216   0x00000004   Code   RO          989    .ARM.Collect$$libinit$$00000026  c_w.l(libinit2.o)
    0x0800021a   0x0800021a   0x00000000   Code   RO          990    .ARM.Collect$$libinit$$00000027  c_w.l(libinit2.o)
    0x0800021a   0x0800021a   0x00000000   Code   RO          994    .ARM.Collect$$libinit$$0000002E  c_w.l(libinit2.o)
    0x0800021a   0x0800021a   0x00000000   Code   RO          996    .ARM.Collect$$libinit$$00000030  c_w.l(libinit2.o)
    0x0800021a   0x0800021a   0x00000000   Code   RO          998    .ARM.Collect$$libinit$$00000032  c_w.l(libinit2.o)
    0x0800021a   0x0800021a   0x00000004   Code   RO          999    .ARM.Collect$$libinit$$00000033  c_w.l(libinit2.o)
    0x0800021e   0x0800021e   0x00000000   Code   RO         1000    .ARM.Collect$$libinit$$00000034  c_w.l(libinit2.o)
    0x0800021e   0x0800021e   0x00000002   Code   RO         1001    .ARM.Collect$$libinit$$00000035  c_w.l(libinit2.o)
    0x08000220   0x08000220   0x00000002   Code   RO         1271    .ARM.Collect$$libshutdown$$00000000  c_w.l(libshutdown.o)
    0x08000222   0x08000222   0x00000006   Code   RO         1135    .ARM.Collect$$libshutdown$$00000001  c_w.l(libshutdown2.o)
    0x08000228   0x08000228   0x00000000   Code   RO         1136    .ARM.Collect$$libshutdown$$00000002  c_w.l(libshutdown2.o)
    0x08000228   0x08000228   0x00000004   Code   RO         1137    .ARM.Collect$$libshutdown$$00000003  c_w.l(libshutdown2.o)
    0x0800022c   0x0800022c   0x00000000   Code   RO         1138    .ARM.Collect$$libshutdown$$00000004  c_w.l(libshutdown2.o)
    0x0800022c   0x0800022c   0x00000000   Code   RO         1141    .ARM.Collect$$libshutdown$$00000007  c_w.l(libshutdown2.o)
    0x0800022c   0x0800022c   0x00000000   Code   RO         1144    .ARM.Collect$$libshutdown$$0000000A  c_w.l(libshutdown2.o)
    0x0800022c   0x0800022c   0x00000000   Code   RO         1146    .ARM.Collect$$libshutdown$$0000000C  c_w.l(libshutdown2.o)
    0x0800022c   0x0800022c   0x00000000   Code   RO         1149    .ARM.Collect$$libshutdown$$0000000F  c_w.l(libshutdown2.o)
    0x0800022c   0x0800022c   0x00000002   Code   RO         1150    .ARM.Collect$$libshutdown$$00000010  c_w.l(libshutdown2.o)
    0x0800022e   0x0800022e   0x00000000   Code   RO          534    .ARM.Collect$$rtentry$$00000000  c_w.l(__rtentry.o)
    0x0800022e   0x0800022e   0x00000000   Code   RO          823    .ARM.Collect$$rtentry$$00000002  c_w.l(__rtentry2.o)
    0x0800022e   0x0800022e   0x00000006   Code   RO          835    .ARM.Collect$$rtentry$$00000004  c_w.l(__rtentry4.o)
    0x08000234   0x08000234   0x00000000   Code   RO          825    .ARM.Collect$$rtentry$$00000009  c_w.l(__rtentry2.o)
    0x08000234   0x08000234   0x00000004   Code   RO          826    .ARM.Collect$$rtentry$$0000000A  c_w.l(__rtentry2.o)
    0x08000238   0x08000238   0x00000000   Code   RO          828    .ARM.Collect$$rtentry$$0000000C  c_w.l(__rtentry2.o)
    0x08000238   0x08000238   0x00000008   Code   RO          829    .ARM.Collect$$rtentry$$0000000D  c_w.l(__rtentry2.o)
    0x08000240   0x08000240   0x00000002   Code   RO         1167    .ARM.Collect$$rtexit$$00000000  c_w.l(rtexit.o)
    0x08000242   0x08000242   0x00000000   Code   RO         1221    .ARM.Collect$$rtexit$$00000002  c_w.l(rtexit2.o)
    0x08000242   0x08000242   0x00000004   Code   RO         1222    .ARM.Collect$$rtexit$$00000003  c_w.l(rtexit2.o)
    0x08000246   0x08000246   0x00000006   Code   RO         1223    .ARM.Collect$$rtexit$$00000004  c_w.l(rtexit2.o)
    0x0800024c   0x0800024c   0x00000040   Code   RO            4    .text               startup_stm32f103xb.o
    0x0800028c   0x0800028c   0x00000018   Code   RO          163    .text               c_w.l(printf.o)
    0x080002a4   0x080002a4   0x00000016   Code   RO          165    .text               c_w.l(abort.o)
    0x080002ba   0x080002ba   0x0000000a   Code   RO          170    .text               c_w.l(cxa_atexit.o)
    0x080002c4   0x080002c4   0x00000014   Code   RO          173    .text               c_w.l(strchr.o)
    0x080002d8   0x080002d8   0x00000048   Code   RO          175    .text               c_w.l(strcpy.o)
    0x08000320   0x08000320   0x0000003e   Code   RO          177    .text               c_w.l(strlen.o)
    0x0800035e   0x0800035e   0x00000096   Code   RO          179    .text               c_w.l(strncmp.o)
    0x080003f4   0x080003f4   0x00000056   Code   RO          181    .text               c_w.l(strncpy.o)
    0x0800044a   0x0800044a   0x00000006   Code   RO          183    .text               c_w.l(heapauxi.o)
    0x08000450   0x08000450   0x0000000c   Code   RO          530    .text               c_w.l(sys_exit.o)
    0x0800045c   0x0800045c   0x00000008   Code   RO          538    .text               c_w.l(rt_errno_addr_intlibspace.o)
    0x08000464   0x08000464   0x0000005e   Code   RO          544    .text               c_w.l(h1_alloc.o)
    0x080004c2   0x080004c2   0x0000004e   Code   RO          546    .text               c_w.l(h1_free.o)
    0x08000510   0x08000510   0x0000004e   Code   RO          624    .text               c_w.l(_printf_pad.o)
    0x0800055e   0x0800055e   0x00000024   Code   RO          626    .text               c_w.l(_printf_truncate.o)
    0x08000582   0x08000582   0x00000052   Code   RO          628    .text               c_w.l(_printf_str.o)
    0x080005d4   0x080005d4   0x00000078   Code   RO          630    .text               c_w.l(_printf_dec.o)
    0x0800064c   0x0800064c   0x00000028   Code   RO          632    .text               c_w.l(_printf_charcount.o)
    0x08000674   0x08000674   0x00000024   Code   RO          634    .text               c_w.l(_printf_char_file.o)
    0x08000698   0x08000698   0x000000bc   Code   RO          636    .text               c_w.l(_printf_wctomb.o)
    0x08000754   0x08000754   0x0000007c   Code   RO          639    .text               c_w.l(_printf_longlong_dec.o)
    0x080007d0   0x080007d0   0x00000070   Code   RO          645    .text               c_w.l(_printf_oct_int_ll.o)
    0x08000840   0x08000840   0x00000094   Code   RO          665    .text               c_w.l(_printf_hex_int_ll_ptr.o)
    0x080008d4   0x080008d4   0x00000188   Code   RO          685    .text               c_w.l(__printf_flags_ss_wp.o)
    0x08000a5c   0x08000a5c   0x0000002e   Code   RO          738    .text               c_w.l(aeabi_atexit.o)
    0x08000a8a   0x08000a8a   0x0000000e   Code   RO          741    .text               c_w.l(defsig_abrt_outer.o)
    0x08000a98   0x08000a98   0x0000008a   Code   RO          755    .text               c_w.l(rt_memcpy_v6.o)
    0x08000b22   0x08000b22   0x00000044   Code   RO          761    .text               c_w.l(rt_memclr.o)
    0x08000b66   0x08000b66   0x00000002   PAD
    0x08000b68   0x08000b68   0x00000008   Code   RO          814    .text               c_w.l(libspace.o)
    0x08000b70   0x08000b70   0x00000002   Code   RO          817    .text               c_w.l(use_no_semi.o)
    0x08000b72   0x08000b72   0x00000000   Code   RO          821    .text               c_w.l(indicate_semi.o)
    0x08000b72   0x08000b72   0x00000002   PAD
    0x08000b74   0x08000b74   0x00000010   Code   RO          837    .text               c_w.l(rt_ctype_table.o)
    0x08000b84   0x08000b84   0x00000008   Code   RO          848    .text               c_w.l(rt_heap_descriptor_intlibspace.o)
    0x08000b8c   0x08000b8c   0x00000008   Code   RO          853    .text               c_w.l(rt_ddtor_pointer_addr_intlibspace.o)
    0x08000b94   0x08000b94   0x00000004   Code   RO          855    .text               c_w.l(hguard.o)
    0x08000b98   0x08000b98   0x0000008a   Code   RO          857    .text               c_w.l(init_alloc.o)
    0x08000c22   0x08000c22   0x0000000e   Code   RO          861    .text               c_w.l(h1_init.o)
    0x08000c30   0x08000c30   0x0000008a   Code   RO          873    .text               c_w.l(lludiv10.o)
    0x08000cba   0x08000cba   0x000000b2   Code   RO          879    .text               c_w.l(_printf_intcommon.o)
    0x08000d6c   0x08000d6c   0x0000041c   Code   RO          881    .text               c_w.l(_printf_fp_dec.o)
    0x08001188   0x08001188   0x000002fc   Code   RO          885    .text               c_w.l(_printf_fp_hex.o)
    0x08001484   0x08001484   0x00000030   Code   RO          888    .text               c_w.l(_printf_char_common.o)
    0x080014b4   0x080014b4   0x0000002c   Code   RO          892    .text               c_w.l(_printf_char.o)
    0x080014e0   0x080014e0   0x0000002c   Code   RO          898    .text               c_w.l(_printf_wchar.o)
    0x0800150c   0x0800150c   0x00000008   Code   RO          921    .text               c_w.l(ferror.o)
    0x08001514   0x08001514   0x00000138   Code   RO          927    .text               c_w.l(initio.o)
    0x0800164c   0x0800164c   0x00000048   Code   RO          935    .text               c_w.l(_c16rtomb.o)
    0x08001694   0x08001694   0x00000042   Code   RO          940    .text               c_w.l(cxa_finalize.o)
    0x080016d6   0x080016d6   0x0000000a   Code   RO          943    .text               c_w.l(defsig_exit.o)
    0x080016e0   0x080016e0   0x00000030   Code   RO          945    .text               c_w.l(defsig_abrt_inner.o)
    0x08001710   0x08001710   0x00000064   Code   RO          947    .text               c_w.l(rt_memcpy_w.o)
    0x08001774   0x08001774   0x0000004e   Code   RO          951    .text               c_w.l(rt_memclr_w.o)
    0x080017c2   0x080017c2   0x0000004a   Code   RO         1030    .text               c_w.l(sys_stackheap_outer.o)
    0x0800180c   0x0800180c   0x00000008   Code   RO         1037    .text               c_w.l(rt_locale_intlibspace.o)
    0x08001814   0x08001814   0x00000000   Code   RO         1041    .text               c_w.l(maybetermalloc1.o)
    0x08001814   0x08001814   0x00000034   Code   RO         1043    .text               c_w.l(h1_extend.o)
    0x08001848   0x08001848   0x00000080   Code   RO         1049    .text               c_w.l(_printf_fp_infnan.o)
    0x080018c8   0x080018c8   0x000000e4   Code   RO         1065    .text               c_w.l(bigflt0.o)
    0x080019ac   0x080019ac   0x000001e2   Code   RO         1092    .text               c_w.l(flsbuf.o)
    0x08001b8e   0x08001b8e   0x00000046   Code   RO         1094    .text               c_w.l(setvbuf.o)
    0x08001bd4   0x08001bd4   0x000000f0   Code   RO         1097    .text               c_w.l(fopen.o)
    0x08001cc4   0x08001cc4   0x0000004c   Code   RO         1099    .text               c_w.l(fclose.o)
    0x08001d10   0x08001d10   0x00000012   Code   RO         1108    .text               c_w.l(exit.o)
    0x08001d22   0x08001d22   0x00000032   Code   RO         1112    .text               c_w.l(defsig_general.o)
    0x08001d54   0x08001d54   0x0000000e   Code   RO         1114    .text               c_w.l(defsig_rtred_outer.o)
    0x08001d62   0x08001d62   0x0000000e   Code   RO         1118    .text               c_w.l(defsig_rtmem_outer.o)
    0x08001d70   0x08001d70   0x00000080   Code   RO         1122    .text               c_w.l(strcmpv7m.o)
    0x08001df0   0x08001df0   0x00000066   Code   RO         1159    .text               c_w.l(sys_io.o)
    0x08001e56   0x08001e56   0x0000000e   Code   RO         1161    .text               c_w.l(sys_wrch.o)
    0x08001e64   0x08001e64   0x000000f8   Code   RO         1180    .text               c_w.l(fseek.o)
    0x08001f5c   0x08001f5c   0x00000108   Code   RO         1182    .text               c_w.l(stdio.o)
    0x08002064   0x08002064   0x00000034   Code   RO         1192    .text               c_w.l(defsig_rtred_inner.o)
    0x08002098   0x08002098   0x00000050   Code   RO         1194    .text               c_w.l(defsig_rtmem_inner.o)
    0x080020e8   0x080020e8   0x00000042   Code   RO         1241    .text               c_w.l(ftell.o)
    0x0800212a   0x0800212a   0x00000002   PAD
    0x0800212c   0x0800212c   0x00000024   Code   RO         1811    .text               c_w.l(init_aeabi.o)
    0x08002150   0x08002150   0x00000004   Code   RO         1347    .text.BusFault_Handler  lto-llvm-f38d27.o
    0x08002154   0x08002154   0x00000010   Code   RO         1359    .text.DMA1_Channel4_IRQHandler  lto-llvm-f38d27.o
    0x08002164   0x08002164   0x00000010   Code   RO         1361    .text.DMA1_Channel5_IRQHandler  lto-llvm-f38d27.o
    0x08002174   0x08002174   0x00000052   Code   RO         1413    .text.DMA_SetConfig  lto-llvm-f38d27.o
    0x080021c6   0x080021c6   0x00000002   PAD
    0x080021c8   0x080021c8   0x00000002   Code   RO         1353    .text.DebugMon_Handler  lto-llvm-f38d27.o
    0x080021ca   0x080021ca   0x00000002   PAD
    0x080021cc   0x080021cc   0x0000000e   Code   RO         1325    .text.Error_Handler  lto-llvm-f38d27.o
    0x080021da   0x080021da   0x00000002   PAD
    0x080021dc   0x080021dc   0x0000007a   Code   RO         1417    .text.HAL_DMA_Abort  lto-llvm-f38d27.o
    0x08002256   0x08002256   0x00000002   PAD
    0x08002258   0x08002258   0x000000fe   Code   RO         1419    .text.HAL_DMA_Abort_IT  lto-llvm-f38d27.o
    0x08002356   0x08002356   0x00000002   PAD
    0x08002358   0x08002358   0x00000248   Code   RO         1421    .text.HAL_DMA_IRQHandler  lto-llvm-f38d27.o
    0x080025a0   0x080025a0   0x000000ae   Code   RO         1411    .text.HAL_DMA_Init  lto-llvm-f38d27.o
    0x0800264e   0x0800264e   0x00000002   PAD
    0x08002650   0x08002650   0x000000c6   Code   RO         1415    .text.HAL_DMA_Start_IT  lto-llvm-f38d27.o
    0x08002716   0x08002716   0x00000002   PAD
    0x08002718   0x08002718   0x00000038   Code   RO         1391    .text.HAL_Delay     lto-llvm-f38d27.o
    0x08002750   0x08002750   0x000002f4   Code   RO         1407    .text.HAL_GPIO_Init  lto-llvm-f38d27.o
    0x08002a44   0x08002a44   0x0000002e   Code   RO         1409    .text.HAL_GPIO_WritePin  lto-llvm-f38d27.o
    0x08002a72   0x08002a72   0x00000002   PAD
    0x08002a74   0x08002a74   0x0000000c   Code   RO         1389    .text.HAL_GetTick   lto-llvm-f38d27.o
    0x08002a80   0x08002a80   0x0000027a   Code   RO         1367    .text.HAL_I2C_Init  lto-llvm-f38d27.o
    0x08002cfa   0x08002cfa   0x00000002   PAD
    0x08002cfc   0x08002cfc   0x00000214   Code   RO         1369    .text.HAL_I2C_Master_Transmit  lto-llvm-f38d27.o
    0x08002f10   0x08002f10   0x00000080   Code   RO         1333    .text.HAL_I2C_MspInit  lto-llvm-f38d27.o
    0x08002f90   0x08002f90   0x00000010   Code   RO         1387    .text.HAL_IncTick   lto-llvm-f38d27.o
    0x08002fa0   0x08002fa0   0x00000022   Code   RO         1383    .text.HAL_Init      lto-llvm-f38d27.o
    0x08002fc2   0x08002fc2   0x00000002   PAD
    0x08002fc4   0x08002fc4   0x00000062   Code   RO         1385    .text.HAL_InitTick  lto-llvm-f38d27.o
    0x08003026   0x08003026   0x00000002   PAD
    0x08003028   0x08003028   0x00000064   Code   RO         1365    .text.HAL_MspInit   lto-llvm-f38d27.o
    0x0800308c   0x0800308c   0x00000014   Code   RO         1435    .text.HAL_NVIC_EnableIRQ  lto-llvm-f38d27.o
    0x080030a0   0x080030a0   0x00000030   Code   RO         1427    .text.HAL_NVIC_SetPriority  lto-llvm-f38d27.o
    0x080030d0   0x080030d0   0x00000012   Code   RO         1423    .text.HAL_NVIC_SetPriorityGrouping  lto-llvm-f38d27.o
    0x080030e2   0x080030e2   0x00000002   PAD
    0x080030e4   0x080030e4   0x00000258   Code   RO         1397    .text.HAL_RCC_ClockConfig  lto-llvm-f38d27.o
    0x0800333c   0x0800333c   0x0000000c   Code   RO         1401    .text.HAL_RCC_GetHCLKFreq  lto-llvm-f38d27.o
    0x08003348   0x08003348   0x00000022   Code   RO         1403    .text.HAL_RCC_GetPCLK1Freq  lto-llvm-f38d27.o
    0x0800336a   0x0800336a   0x00000002   PAD
    0x0800336c   0x0800336c   0x00000022   Code   RO         1405    .text.HAL_RCC_GetPCLK2Freq  lto-llvm-f38d27.o
    0x0800338e   0x0800338e   0x00000002   PAD
    0x08003390   0x08003390   0x000000b2   Code   RO         1399    .text.HAL_RCC_GetSysClockFreq  lto-llvm-f38d27.o
    0x08003442   0x08003442   0x00000002   PAD
    0x08003444   0x08003444   0x00000678   Code   RO         1393    .text.HAL_RCC_OscConfig  lto-llvm-f38d27.o
    0x08003abc   0x08003abc   0x00000010   Code   RO         1439    .text.HAL_SYSTICK_Config  lto-llvm-f38d27.o
    0x08003acc   0x08003acc   0x0000000c   Code   RO         1465    .text.HAL_UARTEx_RxEventCallback  lto-llvm-f38d27.o
    0x08003ad8   0x08003ad8   0x000000d2   Code   RO         1471    .text.HAL_UART_DMAStop  lto-llvm-f38d27.o
    0x08003baa   0x08003baa   0x00000002   PAD
    0x08003bac   0x08003bac   0x00000008   Code   RO         1453    .text.HAL_UART_ErrorCallback  lto-llvm-f38d27.o
    0x08003bb4   0x08003bb4   0x00000432   Code   RO         1473    .text.HAL_UART_IRQHandler  lto-llvm-f38d27.o
    0x08003fe6   0x08003fe6   0x00000002   PAD
    0x08003fe8   0x08003fe8   0x000000a6   Code   RO         1443    .text.HAL_UART_Init  lto-llvm-f38d27.o
    0x0800408e   0x0800408e   0x00000002   PAD
    0x08004090   0x08004090   0x00000130   Code   RO         1337    .text.HAL_UART_MspInit  lto-llvm-f38d27.o
    0x080041c0   0x080041c0   0x00000064   Code   RO         1457    .text.HAL_UART_Receive_DMA  lto-llvm-f38d27.o
    0x08004224   0x08004224   0x00000008   Code   RO         1469    .text.HAL_UART_RxCpltCallback  lto-llvm-f38d27.o
    0x0800422c   0x0800422c   0x00000008   Code   RO         1467    .text.HAL_UART_RxHalfCpltCallback  lto-llvm-f38d27.o
    0x08004234   0x08004234   0x00000008   Code   RO         1455    .text.HAL_UART_TxCpltCallback  lto-llvm-f38d27.o
    0x0800423c   0x0800423c   0x00000004   Code   RO         1343    .text.HardFault_Handler  lto-llvm-f38d27.o
    0x08004240   0x08004240   0x00000064   Code   RO         1379    .text.I2C_IsAcknowledgeFailed  lto-llvm-f38d27.o
    0x080042a4   0x080042a4   0x00000110   Code   RO         1373    .text.I2C_MasterRequestWrite  lto-llvm-f38d27.o
    0x080043b4   0x080043b4   0x000000ac   Code   RO         1377    .text.I2C_WaitOnBTFFlagUntilTimeout  lto-llvm-f38d27.o
    0x08004460   0x08004460   0x000000fc   Code   RO         1371    .text.I2C_WaitOnFlagUntilTimeout  lto-llvm-f38d27.o
    0x0800455c   0x0800455c   0x00000148   Code   RO         1381    .text.I2C_WaitOnMasterAddressFlagUntilTimeout  lto-llvm-f38d27.o
    0x080046a4   0x080046a4   0x000000a8   Code   RO         1375    .text.I2C_WaitOnTXEFlagUntilTimeout  lto-llvm-f38d27.o
    0x0800474c   0x0800474c   0x00000042   Code   RO         1329    .text.MX_DMA_Init   lto-llvm-f38d27.o
    0x0800478e   0x0800478e   0x00000002   PAD
    0x08004790   0x08004790   0x00000118   Code   RO         1327    .text.MX_GPIO_Init  lto-llvm-f38d27.o
    0x080048a8   0x080048a8   0x00000042   Code   RO         1331    .text.MX_I2C2_Init  lto-llvm-f38d27.o
    0x080048ea   0x080048ea   0x00000002   PAD
    0x080048ec   0x080048ec   0x00000050   Code   RO         1335    .text.MX_USART1_UART_Init  lto-llvm-f38d27.o
    0x0800493c   0x0800493c   0x000000ac   Code   RO         1559    .text.Main          lto-llvm-f38d27.o
    0x080049e8   0x080049e8   0x00000004   Code   RO         1345    .text.MemManage_Handler  lto-llvm-f38d27.o
    0x080049ec   0x080049ec   0x00000004   Code   RO         1341    .text.NMI_Handler   lto-llvm-f38d27.o
    0x080049f0   0x080049f0   0x00000062   Code   RO         1431    .text.NVIC_EncodePriority  lto-llvm-f38d27.o
    0x08004a52   0x08004a52   0x00000002   PAD
    0x08004a54   0x08004a54   0x00000002   Code   RO         1355    .text.PendSV_Handler  lto-llvm-f38d27.o
    0x08004a56   0x08004a56   0x00000002   PAD
    0x08004a58   0x08004a58   0x0000003c   Code   RO         1395    .text.RCC_Delay     lto-llvm-f38d27.o
    0x08004a94   0x08004a94   0x00000002   Code   RO         1351    .text.SVC_Handler   lto-llvm-f38d27.o
    0x08004a96   0x08004a96   0x00000002   PAD
    0x08004a98   0x08004a98   0x00000052   Code   RO         1441    .text.SysTick_Config  lto-llvm-f38d27.o
    0x08004aea   0x08004aea   0x00000002   PAD
    0x08004aec   0x08004aec   0x00000008   Code   RO         1357    .text.SysTick_Handler  lto-llvm-f38d27.o
    0x08004af4   0x08004af4   0x00000070   Code   RO         1323    .text.SystemClock_Config  lto-llvm-f38d27.o
    0x08004b64   0x08004b64   0x00000002   Code   RO         1483    .text.SystemInit    lto-llvm-f38d27.o
    0x08004b66   0x08004b66   0x00000002   PAD
    0x08004b68   0x08004b68   0x00000020   Code   RO         1477    .text.UART_DMAAbortOnError  lto-llvm-f38d27.o
    0x08004b88   0x08004b88   0x0000007c   Code   RO         1447    .text.UART_DMAError  lto-llvm-f38d27.o
    0x08004c04   0x08004c04   0x000000f4   Code   RO         1461    .text.UART_DMAReceiveCplt  lto-llvm-f38d27.o
    0x08004cf8   0x08004cf8   0x00000034   Code   RO         1463    .text.UART_DMARxHalfCplt  lto-llvm-f38d27.o
    0x08004d2c   0x08004d2c   0x00000094   Code   RO         1451    .text.UART_EndRxTransfer  lto-llvm-f38d27.o
    0x08004dc0   0x08004dc0   0x00000024   Code   RO         1481    .text.UART_EndTransmit_IT  lto-llvm-f38d27.o
    0x08004de4   0x08004de4   0x00000036   Code   RO         1449    .text.UART_EndTxTransfer  lto-llvm-f38d27.o
    0x08004e1a   0x08004e1a   0x00000002   PAD
    0x08004e1c   0x08004e1c   0x00000166   Code   RO         1475    .text.UART_Receive_IT  lto-llvm-f38d27.o
    0x08004f82   0x08004f82   0x00000002   PAD
    0x08004f84   0x08004f84   0x000000ba   Code   RO         1445    .text.UART_SetConfig  lto-llvm-f38d27.o
    0x0800503e   0x0800503e   0x00000002   PAD
    0x08005040   0x08005040   0x0000010a   Code   RO         1459    .text.UART_Start_Receive_DMA  lto-llvm-f38d27.o
    0x0800514a   0x0800514a   0x00000002   PAD
    0x0800514c   0x0800514c   0x00000090   Code   RO         1479    .text.UART_Transmit_IT  lto-llvm-f38d27.o
    0x080051dc   0x080051dc   0x0000000c   Code   RO         1363    .text.USART1_IRQHandler  lto-llvm-f38d27.o
    0x080051e8   0x080051e8   0x00000004   Code   RO         1349    .text.UsageFault_Handler  lto-llvm-f38d27.o
    0x080051ec   0x080051ec   0x0000000e   Code   RO         1515    .text._GLOBAL__sub_I_Main.cpp  lto-llvm-f38d27.o
    0x080051fa   0x080051fa   0x00000002   PAD
    0x080051fc   0x080051fc   0x0000003e   Code   RO         1547    .text._Z11drawWeatherhi  lto-llvm-f38d27.o
    0x0800523a   0x0800523a   0x00000002   PAD
    0x0800523c   0x0800523c   0x00000014   Code   RO         1511    .text._Z15__libcpp_strchrB6v16000PKci  lto-llvm-f38d27.o
    0x08005250   0x08005250   0x00000138   Code   RO         1551    .text._Z16drawScrollStringsPKc  lto-llvm-f38d27.o
    0x08005388   0x08005388   0x000000b6   Code   RO         1541    .text._Z17drawWeatherSymboltth  lto-llvm-f38d27.o
    0x0800543e   0x0800543e   0x00000002   PAD
    0x08005440   0x08005440   0x00000072   Code   RO         1557    .text._Z4drawPKchi  lto-llvm-f38d27.o
    0x080054b2   0x080054b2   0x00000002   PAD
    0x080054b4   0x080054b4   0x00000014   Code   RO         1503    .text._Z6strchrB6v16000Ua9enable_ifILb1EEPci  lto-llvm-f38d27.o
    0x080054c8   0x080054c8   0x0000006e   Code   RO         1529    .text._Z8doTargetPc  lto-llvm-f38d27.o
    0x08005536   0x08005536   0x00000002   PAD
    0x08005538   0x08005538   0x00000068   Code   RO         1589    .text._ZN4OLed5printEPKc  lto-llvm-f38d27.o
    0x080055a0   0x080055a0   0x00000072   Code   RO         1595    .text._ZN4OLed5printEi  lto-llvm-f38d27.o
    0x08005612   0x08005612   0x00000002   PAD
    0x08005614   0x08005614   0x0000004a   Code   RO         1587    .text._ZN4OLed6enableEb  lto-llvm-f38d27.o
    0x0800565e   0x0800565e   0x00000002   PAD
    0x08005660   0x08005660   0x00000024   Code   RO         1581    .text._ZN4OLedC2EPK14u8g2_cb_struct  lto-llvm-f38d27.o
    0x08005684   0x08005684   0x0000000e   Code   RO         1591    .text._ZN4U8G210getCursorXEv  lto-llvm-f38d27.o
    0x08005692   0x08005692   0x00000002   PAD
    0x08005694   0x08005694   0x0000000e   Code   RO         1593    .text._ZN4U8G210getCursorYEv  lto-llvm-f38d27.o
    0x080056a2   0x080056a2   0x00000002   PAD
    0x080056a4   0x080056a4   0x00000010   Code   RO         1565    .text._ZN4U8G211initDisplayEv  lto-llvm-f38d27.o
    0x080056b4   0x080056b4   0x00000010   Code   RO         1567    .text._ZN4U8G212clearDisplayEv  lto-llvm-f38d27.o
    0x080056c4   0x080056c4   0x00000014   Code   RO         1535    .text._ZN4U8G212getUTF8WidthEPKc  lto-llvm-f38d27.o
    0x080056d8   0x080056d8   0x0000001a   Code   RO         1569    .text._ZN4U8G212setPowerSaveEh  lto-llvm-f38d27.o
    0x080056f2   0x080056f2   0x00000002   PAD
    0x080056f4   0x080056f4   0x0000001e   Code   RO         1563    .text._ZN4U8G215enableUTF8PrintEv  lto-llvm-f38d27.o
    0x08005712   0x08005712   0x00000002   PAD
    0x08005714   0x08005714   0x00000016   Code   RO         1553    .text._ZN4U8G215getDisplayWidthEv  lto-llvm-f38d27.o
    0x0800572a   0x0800572a   0x00000002   PAD
    0x0800572c   0x0800572c   0x0000001a   Code   RO         1585    .text._ZN4U8G24homeEv  lto-llvm-f38d27.o
    0x08005746   0x08005746   0x00000002   PAD
    0x08005748   0x08005748   0x00000026   Code   RO         1561    .text._ZN4U8G25beginEv  lto-llvm-f38d27.o
    0x0800576e   0x0800576e   0x00000002   PAD
    0x08005770   0x08005770   0x00000024   Code   RO         1555    .text._ZN4U8G27drawStrEttPKc  lto-llvm-f38d27.o
    0x08005794   0x08005794   0x0000001c   Code   RO         1543    .text._ZN4U8G27setFontEPKh  lto-llvm-f38d27.o
    0x080057b0   0x080057b0   0x00000024   Code   RO         1537    .text._ZN4U8G28drawUTF8EttPKc  lto-llvm-f38d27.o
    0x080057d4   0x080057d4   0x00000016   Code   RO         1533    .text._ZN4U8G28getWidthEv  lto-llvm-f38d27.o
    0x080057ea   0x080057ea   0x00000002   PAD
    0x080057ec   0x080057ec   0x00000018   Code   RO         1539    .text._ZN4U8G28nextPageEv  lto-llvm-f38d27.o
    0x08005804   0x08005804   0x00000030   Code   RO         1545    .text._ZN4U8G29drawGlyphEttt  lto-llvm-f38d27.o
    0x08005834   0x08005834   0x00000018   Code   RO         1531    .text._ZN4U8G29firstPageEv  lto-llvm-f38d27.o
    0x0800584c   0x0800584c   0x0000002e   Code   RO         1549    .text._ZN4U8G29setCursorEtt  lto-llvm-f38d27.o
    0x0800587a   0x0800587a   0x00000002   PAD
    0x0800587c   0x0800587c   0x00000020   Code   RO         1583    .text._ZN4U8G2C2Ev  lto-llvm-f38d27.o
    0x0800589c   0x0800589c   0x000001e2   Code   RO         1501    .text._ZN9Commander10inputCheckEPc  lto-llvm-f38d27.o
    0x08005a7e   0x08005a7e   0x00000002   PAD
    0x08005a80   0x08005a80   0x00000066   Code   RO         1489    .text._ZN9Commander3addEPKcPFvPcES1_  lto-llvm-f38d27.o
    0x08005ae6   0x08005ae6   0x00000002   PAD
    0x08005ae8   0x08005ae8   0x000000aa   Code   RO         1491    .text._ZN9Commander3runEv  lto-llvm-f38d27.o
    0x08005b92   0x08005b92   0x00000002   PAD
    0x08005b94   0x08005b94   0x00000026   Code   RO         1513    .text._ZN9Commander3strEPcS0_  lto-llvm-f38d27.o
    0x08005bba   0x08005bba   0x00000002   PAD
    0x08005bbc   0x08005bbc   0x0000001a   Code   RO         1509    .text._ZN9Commander5printEPKc  lto-llvm-f38d27.o
    0x08005bd6   0x08005bd6   0x00000002   PAD
    0x08005bd8   0x08005bd8   0x0000001e   Code   RO         1497    .text._ZN9Commander5printEc  lto-llvm-f38d27.o
    0x08005bf6   0x08005bf6   0x00000002   PAD
    0x08005bf8   0x08005bf8   0x00000052   Code   RO         1499    .text._ZN9Commander6isEndsEc  lto-llvm-f38d27.o
    0x08005c4a   0x08005c4a   0x00000002   PAD
    0x08005c4c   0x08005c4c   0x0000001a   Code   RO         1505    .text._ZN9Commander7printlnEPKc  lto-llvm-f38d27.o
    0x08005c66   0x08005c66   0x00000002   PAD
    0x08005c68   0x08005c68   0x00000020   Code   RO         1507    .text._ZN9Commander7printlnEc  lto-llvm-f38d27.o
    0x08005c88   0x08005c88   0x0000007a   Code   RO         1485    .text._ZN9CommanderC2Ejccb  lto-llvm-f38d27.o
    0x08005d02   0x08005d02   0x00000002   PAD
    0x08005d04   0x08005d04   0x00000010   Code   RO         1521    .text._ZN9CommanderD2Ev  lto-llvm-f38d27.o
    0x08005d14   0x08005d14   0x00000052   Code   RO         1495    .text._ZN9FifoArrayIcE4readEv  lto-llvm-f38d27.o
    0x08005d66   0x08005d66   0x00000002   PAD
    0x08005d68   0x08005d68   0x000000b0   Code   RO         1527    .text._ZN9FifoArrayIcE5writeEPcj  lto-llvm-f38d27.o
    0x08005e18   0x08005e18   0x0000000c   Code   RO         1493    .text._ZN9FifoArrayIcE9availableEv  lto-llvm-f38d27.o
    0x08005e24   0x08005e24   0x0000005c   Code   RO         1487    .text._ZN9FifoArrayIcEC2Ejb  lto-llvm-f38d27.o
    0x08005e80   0x08005e80   0x0000002a   Code   RO         1523    .text._ZN9FifoArrayIcED2Ev  lto-llvm-f38d27.o
    0x08005eaa   0x08005eaa   0x00000002   PAD
    0x08005eac   0x08005eac   0x00000026   Code   RO         1601    .text._ZNKSt3__212basic_stringIcNS_11char_traitsIcEENS_9allocatorIcEEE13__get_pointerB6v16000Ev  lto-llvm-f38d27.o
    0x08005ed2   0x08005ed2   0x00000002   PAD
    0x08005ed4   0x08005ed4   0x00000012   Code   RO         1607    .text._ZNKSt3__212basic_stringIcNS_11char_traitsIcEENS_9allocatorIcEEE18__get_long_pointerB6v16000Ev  lto-llvm-f38d27.o
    0x08005ee6   0x08005ee6   0x00000002   PAD
    0x08005ee8   0x08005ee8   0x00000014   Code   RO         1609    .text._ZNKSt3__212basic_stringIcNS_11char_traitsIcEENS_9allocatorIcEEE19__get_short_pointerB6v16000Ev  lto-llvm-f38d27.o
    0x08005efc   0x08005efc   0x00000014   Code   RO         1599    .text._ZNKSt3__212basic_stringIcNS_11char_traitsIcEENS_9allocatorIcEEE4dataB6v16000Ev  lto-llvm-f38d27.o
    0x08005f10   0x08005f10   0x00000010   Code   RO         1597    .text._ZNKSt3__212basic_stringIcNS_11char_traitsIcEENS_9allocatorIcEEE5c_strB6v16000Ev  lto-llvm-f38d27.o
    0x08005f20   0x08005f20   0x00000014   Code   RO         1605    .text._ZNKSt3__212basic_stringIcNS_11char_traitsIcEENS_9allocatorIcEEE9__is_longB6v16000Ev  lto-llvm-f38d27.o
    0x08005f34   0x08005f34   0x00000010   Code   RO         1611    .text._ZNKSt3__217__compressed_pairINS_12basic_stringIcNS_11char_traitsIcEENS_9allocatorIcEEE5__repES5_E5firstB6v16000Ev  lto-llvm-f38d27.o
    0x08005f44   0x08005f44   0x0000000a   Code   RO         1615    .text._ZNKSt3__222__compressed_pair_elemINS_12basic_stringIcNS_11char_traitsIcEENS_9allocatorIcEEE5__repELi0ELb0EE5__getB6v16000Ev  lto-llvm-f38d27.o
    0x08005f4e   0x08005f4e   0x00000002   PAD
    0x08005f50   0x08005f50   0x0000000a   Code   RO         1603    .text._ZNSt3__212__to_addressB6v16000IKcEEPT_S3_  lto-llvm-f38d27.o
    0x08005f5a   0x08005f5a   0x0000001e   Code   RO          325    .text._ZNSt3__212basic_stringIcNS_11char_traitsIcEENS_9allocatorIcEEED2Ev  libcpp_w.l(string.cpp.o)
    0x08005f78   0x08005f78   0x0000000a   Code   RO         1613    .text._ZNSt3__214pointer_traitsIPKcE10pointer_toB6v16000ERS1_  lto-llvm-f38d27.o
    0x08005f82   0x08005f82   0x000000ca   Code   RO          515    .text._ZNSt3__26__itoa10__append10B6v16000IjEEPcS2_T_  libcpp_w.l(string.cpp.o)
    0x0800604c   0x0800604c   0x0000035e   Code   RO          513    .text._ZNSt3__26__itoa13__base_10_u32B6v16000EPcj  libcpp_w.l(string.cpp.o)
    0x080063aa   0x080063aa   0x000000b2   Code   RO          269    .text._ZNSt3__29to_stringEi  libcpp_w.l(string.cpp.o)
    0x0800645c   0x0800645c   0x0000000c   Code   RO          787    .text._ZSt15get_new_handlerv  libcppabi_w.l(cxa_handlers.cpp.o)
    0x08006468   0x08006468   0x00000004   Code   RO          204    .text._ZdaPv        libcpp_w.l(new.cpp.o)
    0x0800646c   0x0800646c   0x00000004   Code   RO          198    .text._ZdlPv        libcpp_w.l(new.cpp.o)
    0x08006470   0x08006470   0x00000004   Code   RO          202    .text._ZdlPvj       libcpp_w.l(new.cpp.o)
    0x08006474   0x08006474   0x00000004   Code   RO          194    .text._Znaj         libcpp_w.l(new.cpp.o)
    0x08006478   0x08006478   0x00000026   Code   RO          190    .text._Znwj         libcpp_w.l(new.cpp.o)
    0x0800649e   0x0800649e   0x00000002   PAD
    0x080064a0   0x080064a0   0x00000032   Code   RO         1437    .text.__NVIC_EnableIRQ  lto-llvm-f38d27.o
    0x080064d2   0x080064d2   0x00000002   PAD
    0x080064d4   0x080064d4   0x00000010   Code   RO         1429    .text.__NVIC_GetPriorityGrouping  lto-llvm-f38d27.o
    0x080064e4   0x080064e4   0x00000042   Code   RO         1433    .text.__NVIC_SetPriority  lto-llvm-f38d27.o
    0x08006526   0x08006526   0x00000002   PAD
    0x08006528   0x08006528   0x0000003c   Code   RO         1425    .text.__NVIC_SetPriorityGrouping  lto-llvm-f38d27.o
    0x08006564   0x08006564   0x00000014   Code   RO         1517    .text.__cxx_global_var_init  lto-llvm-f38d27.o
    0x08006578   0x08006578   0x0000003e   Code   RO         1519    .text.__cxx_global_var_init.1  lto-llvm-f38d27.o
    0x080065b6   0x080065b6   0x00000002   PAD
    0x080065b8   0x080065b8   0x00000012   Code   RO         1575    .text._delay        lto-llvm-f38d27.o
    0x080065ca   0x080065ca   0x00000002   PAD
    0x080065cc   0x080065cc   0x00000026   Code   RO         1573    .text._delayUs      lto-llvm-f38d27.o
    0x080065f2   0x080065f2   0x00000002   PAD
    0x080065f4   0x080065f4   0x00000046   Code   RO         1571    .text._micros       lto-llvm-f38d27.o
    0x0800663a   0x0800663a   0x00000002   PAD
    0x0800663c   0x0800663c   0x00000028   Code   RO         1321    .text.main          lto-llvm-f38d27.o
    0x08006664   0x08006664   0x0000001c   Code   RO         1525    .text.receivedCommand  lto-llvm-f38d27.o
    0x08006680   0x08006680   0x0000002e   Code   RO         1617    .text.u8g2_ClearBuffer  lto-llvm-f38d27.o
    0x080066ae   0x080066ae   0x00000002   PAD
    0x080066b0   0x080066b0   0x00000028   Code   RO         1629    .text.u8g2_ClearDisplay  lto-llvm-f38d27.o
    0x080066d8   0x080066d8   0x00000082   Code   RO         1659    .text.u8g2_DrawGlyph  lto-llvm-f38d27.o
    0x0800675a   0x0800675a   0x00000002   PAD
    0x0800675c   0x0800675c   0x00000146   Code   RO         1683    .text.u8g2_DrawHVLine  lto-llvm-f38d27.o
    0x080068a2   0x080068a2   0x00000002   PAD
    0x080068a4   0x080068a4   0x00000030   Code   RO         1663    .text.u8g2_DrawStr  lto-llvm-f38d27.o
    0x080068d4   0x080068d4   0x00000030   Code   RO         1667    .text.u8g2_DrawUTF8  lto-llvm-f38d27.o
    0x08006904   0x08006904   0x00000024   Code   RO         1625    .text.u8g2_FirstPage  lto-llvm-f38d27.o
    0x08006928   0x08006928   0x0000006a   Code   RO         1657    .text.u8g2_GetGlyphWidth  lto-llvm-f38d27.o
    0x08006992   0x08006992   0x00000002   PAD
    0x08006994   0x08006994   0x00000020   Code   RO         1679    .text.u8g2_GetUTF8Width  lto-llvm-f38d27.o
    0x080069b4   0x080069b4   0x00000060   Code   RO         1689    .text.u8g2_IsIntersection  lto-llvm-f38d27.o
    0x08006a14   0x08006a14   0x00000070   Code   RO         1627    .text.u8g2_NextPage  lto-llvm-f38d27.o
    0x08006a84   0x08006a84   0x00000028   Code   RO         1623    .text.u8g2_SetBufferCurrTileRow  lto-llvm-f38d27.o
    0x08006aac   0x08006aac   0x00000030   Code   RO         1675    .text.u8g2_SetFont  lto-llvm-f38d27.o
    0x08006adc   0x08006adc   0x00000014   Code   RO         1673    .text.u8g2_SetFontPosBaseline  lto-llvm-f38d27.o
    0x08006af0   0x08006af0   0x00000030   Code   RO         1703    .text.u8g2_SetMaxClipWindow  lto-llvm-f38d27.o
    0x08006b20   0x08006b20   0x0000007e   Code   RO         1705    .text.u8g2_SetupBuffer  lto-llvm-f38d27.o
    0x08006b9e   0x08006b9e   0x00000002   PAD
    0x08006ba0   0x08006ba0   0x0000004a   Code   RO         1633    .text.u8g2_Setup_ssd1312_i2c_128x64_noname_f  lto-llvm-f38d27.o
    0x08006bea   0x08006bea   0x00000002   PAD
    0x08006bec   0x08006bec   0x000000c0   Code   RO         1669    .text.u8g2_UpdateRefHeight  lto-llvm-f38d27.o
    0x08006cac   0x08006cac   0x0000006e   Code   RO         1647    .text.u8g2_add_vector_x  lto-llvm-f38d27.o
    0x08006d1a   0x08006d1a   0x00000002   PAD
    0x08006d1c   0x08006d1c   0x0000006e   Code   RO         1645    .text.u8g2_add_vector_y  lto-llvm-f38d27.o
    0x08006d8a   0x08006d8a   0x00000002   PAD
    0x08006d8c   0x08006d8c   0x000000ac   Code   RO         1699    .text.u8g2_apply_clip_window  lto-llvm-f38d27.o
    0x08006e38   0x08006e38   0x000000f2   Code   RO         1685    .text.u8g2_clip_intersection2  lto-llvm-f38d27.o
    0x08006f2a   0x08006f2a   0x00000002   PAD
    0x08006f2c   0x08006f2c   0x00000048   Code   RO         1681    .text.u8g2_draw_hv_line_2dir  lto-llvm-f38d27.o
    0x08006f74   0x08006f74   0x00000038   Code   RO         1697    .text.u8g2_draw_l90_r0  lto-llvm-f38d27.o
    0x08006fac   0x08006fac   0x000000ce   Code   RO         1665    .text.u8g2_draw_string  lto-llvm-f38d27.o
    0x0800707a   0x0800707a   0x00000002   PAD
    0x0800707c   0x0800707c   0x0000000a   Code   RO         1671    .text.u8g2_font_calc_vref_font  lto-llvm-f38d27.o
    0x08007086   0x08007086   0x00000002   PAD
    0x08007088   0x08007088   0x0000004e   Code   RO         1643    .text.u8g2_font_decode_get_signed_bits  lto-llvm-f38d27.o
    0x080070d6   0x080070d6   0x00000002   PAD
    0x080070d8   0x080070d8   0x000000ae   Code   RO         1641    .text.u8g2_font_decode_get_unsigned_bits  lto-llvm-f38d27.o
    0x08007186   0x08007186   0x00000002   PAD
    0x08007188   0x08007188   0x00000256   Code   RO         1651    .text.u8g2_font_decode_glyph  lto-llvm-f38d27.o
    0x080073de   0x080073de   0x00000002   PAD
    0x080073e0   0x080073e0   0x0000015c   Code   RO         1649    .text.u8g2_font_decode_len  lto-llvm-f38d27.o
    0x0800753c   0x0800753c   0x00000054   Code   RO         1661    .text.u8g2_font_draw_glyph  lto-llvm-f38d27.o
    0x08007590   0x08007590   0x0000001a   Code   RO         1637    .text.u8g2_font_get_byte  lto-llvm-f38d27.o
    0x080075aa   0x080075aa   0x00000002   PAD
    0x080075ac   0x080075ac   0x0000011c   Code   RO         1655    .text.u8g2_font_get_glyph_data  lto-llvm-f38d27.o
    0x080076c8   0x080076c8   0x00000040   Code   RO         1639    .text.u8g2_font_get_word  lto-llvm-f38d27.o
    0x08007708   0x08007708   0x00000054   Code   RO         1653    .text.u8g2_font_setup_decode  lto-llvm-f38d27.o
    0x0800775c   0x0800775c   0x00000090   Code   RO         1687    .text.u8g2_is_intersection_decision_tree  lto-llvm-f38d27.o
    0x080077ec   0x080077ec   0x00000194   Code   RO         1691    .text.u8g2_ll_hvline_vertical_top_lsb  lto-llvm-f38d27.o
    0x08007980   0x08007980   0x0000000e   Code   RO         1631    .text.u8g2_m_16_8_f  lto-llvm-f38d27.o
    0x0800798e   0x0800798e   0x00000002   PAD
    0x08007990   0x08007990   0x000000fc   Code   RO         1635    .text.u8g2_read_font_info  lto-llvm-f38d27.o
    0x08007a8c   0x08007a8c   0x0000007e   Code   RO         1619    .text.u8g2_send_buffer  lto-llvm-f38d27.o
    0x08007b0a   0x08007b0a   0x00000002   PAD
    0x08007b0c   0x08007b0c   0x0000005c   Code   RO         1621    .text.u8g2_send_tile_row  lto-llvm-f38d27.o
    0x08007b68   0x08007b68   0x000000ea   Code   RO         1677    .text.u8g2_string_width  lto-llvm-f38d27.o
    0x08007c52   0x08007c52   0x00000002   PAD
    0x08007c54   0x08007c54   0x000000d2   Code   RO         1701    .text.u8g2_update_dimension_common  lto-llvm-f38d27.o
    0x08007d26   0x08007d26   0x00000002   PAD
    0x08007d28   0x08007d28   0x00000010   Code   RO         1693    .text.u8g2_update_dimension_r0  lto-llvm-f38d27.o
    0x08007d38   0x08007d38   0x00000036   Code   RO         1695    .text.u8g2_update_page_win_r0  lto-llvm-f38d27.o
    0x08007d6e   0x08007d6e   0x00000002   PAD
    0x08007d70   0x08007d70   0x00000044   Code   RO         1745    .text.u8x8_DrawTile  lto-llvm-f38d27.o
    0x08007db4   0x08007db4   0x00000018   Code   RO         1749    .text.u8x8_InitDisplay  lto-llvm-f38d27.o
    0x08007dcc   0x08007dcc   0x00000018   Code   RO         1753    .text.u8x8_RefreshDisplay  lto-llvm-f38d27.o
    0x08007de4   0x08007de4   0x0000001e   Code   RO         1751    .text.u8x8_SetPowerSave  lto-llvm-f38d27.o
    0x08007e02   0x08007e02   0x00000002   PAD
    0x08007e04   0x08007e04   0x00000046   Code   RO         1761    .text.u8x8_Setup    lto-llvm-f38d27.o
    0x08007e4a   0x08007e4a   0x00000002   PAD
    0x08007e4c   0x08007e4c   0x00000044   Code   RO         1759    .text.u8x8_SetupDefaults  lto-llvm-f38d27.o
    0x08007e90   0x08007e90   0x00000018   Code   RO         1747    .text.u8x8_SetupMemory  lto-llvm-f38d27.o
    0x08007ea8   0x08007ea8   0x00000036   Code   RO         1709    .text.u8x8_ascii_next  lto-llvm-f38d27.o
    0x08007ede   0x08007ede   0x00000002   PAD
    0x08007ee0   0x08007ee0   0x00000018   Code   RO         1719    .text.u8x8_byte_EndTransfer  lto-llvm-f38d27.o
    0x08007ef8   0x08007ef8   0x00000018   Code   RO         1715    .text.u8x8_byte_SendByte  lto-llvm-f38d27.o
    0x08007f10   0x08007f10   0x00000022   Code   RO         1713    .text.u8x8_byte_SendBytes  lto-llvm-f38d27.o
    0x08007f32   0x08007f32   0x00000002   PAD
    0x08007f34   0x08007f34   0x00000018   Code   RO         1717    .text.u8x8_byte_StartTransfer  lto-llvm-f38d27.o
    0x08007f4c   0x08007f4c   0x000000ac   Code   RO         1577    .text.u8x8_byte_hw_i2c  lto-llvm-f38d27.o
    0x08007ff8   0x08007ff8   0x00000018   Code   RO         1729    .text.u8x8_cad_EndTransfer  lto-llvm-f38d27.o
    0x08008010   0x08008010   0x0000001e   Code   RO         1723    .text.u8x8_cad_SendArg  lto-llvm-f38d27.o
    0x0800802e   0x0800802e   0x00000002   PAD
    0x08008030   0x08008030   0x0000001e   Code   RO         1721    .text.u8x8_cad_SendCmd  lto-llvm-f38d27.o
    0x0800804e   0x0800804e   0x00000002   PAD
    0x08008050   0x08008050   0x00000020   Code   RO         1725    .text.u8x8_cad_SendData  lto-llvm-f38d27.o
    0x08008070   0x08008070   0x000000ae   Code   RO         1731    .text.u8x8_cad_SendSequence  lto-llvm-f38d27.o
    0x0800811e   0x0800811e   0x00000002   PAD
    0x08008120   0x08008120   0x00000018   Code   RO         1727    .text.u8x8_cad_StartTransfer  lto-llvm-f38d27.o
    0x08008138   0x08008138   0x00000142   Code   RO         1735    .text.u8x8_cad_ssd13xx_fast_i2c  lto-llvm-f38d27.o
    0x0800827a   0x0800827a   0x00000002   PAD
    0x0800827c   0x0800827c   0x00000068   Code   RO         1743    .text.u8x8_d_helper_display_init  lto-llvm-f38d27.o
    0x080082e4   0x080082e4   0x00000022   Code   RO         1741    .text.u8x8_d_helper_display_setup_memory  lto-llvm-f38d27.o
    0x08008306   0x08008306   0x00000002   PAD
    0x08008308   0x08008308   0x0000015e   Code   RO         1737    .text.u8x8_d_ssd1306_sh1106_generic  lto-llvm-f38d27.o
    0x08008466   0x08008466   0x00000002   PAD
    0x08008468   0x08008468   0x000000b0   Code   RO         1739    .text.u8x8_d_ssd1312_128x64_noname  lto-llvm-f38d27.o
    0x08008518   0x08008518   0x00000014   Code   RO         1757    .text.u8x8_dummy_cb  lto-llvm-f38d27.o
    0x0800852c   0x0800852c   0x00000080   Code   RO         1579    .text.u8x8_gpio_and_delay  lto-llvm-f38d27.o
    0x080085ac   0x080085ac   0x00000024   Code   RO         1755    .text.u8x8_gpio_call  lto-llvm-f38d27.o
    0x080085d0   0x080085d0   0x00000034   Code   RO         1733    .text.u8x8_i2c_data_transfer  lto-llvm-f38d27.o
    0x08008604   0x08008604   0x00000010   Code   RO         1707    .text.u8x8_utf8_init  lto-llvm-f38d27.o
    0x08008614   0x08008614   0x00000148   Code   RO         1711    .text.u8x8_utf8_next  lto-llvm-f38d27.o
    0x0800875c   0x0800875c   0x0000007a   Code   RO         1339    .text.uartIdleHandle  lto-llvm-f38d27.o
    0x080087d6   0x080087d6   0x0000003e   Code   RO         1068    CL$$btod_d2e        c_w.l(btod.o)
    0x08008814   0x08008814   0x00000046   Code   RO         1070    CL$$btod_d2e_denorm_low  c_w.l(btod.o)
    0x0800885a   0x0800885a   0x00000060   Code   RO         1069    CL$$btod_d2e_norm_op1  c_w.l(btod.o)
    0x080088ba   0x080088ba   0x00000002   PAD
    0x080088bc   0x080088bc   0x00000338   Code   RO         1078    CL$$btod_div_common  c_w.l(btod.o)
    0x08008bf4   0x08008bf4   0x000000dc   Code   RO         1075    CL$$btod_e2e        c_w.l(btod.o)
    0x08008cd0   0x08008cd0   0x0000002a   Code   RO         1072    CL$$btod_ediv       c_w.l(btod.o)
    0x08008cfa   0x08008cfa   0x0000002a   Code   RO         1071    CL$$btod_emul       c_w.l(btod.o)
    0x08008d24   0x08008d24   0x00000244   Code   RO         1077    CL$$btod_mult_common  c_w.l(btod.o)
    0x08008f68   0x08008f68   0x00000028   Code   RO         1157    i.__ARM_fpclassify  m_ws.l(fpclassify.o)
    0x08008f90   0x08008f90   0x0000000e   Code   RO          678    i._is_digit         c_w.l(__printf_wp.o)
    0x08008f9e   0x08008f9e   0x0000001c   Code   RO          924    i.fputc             c_w.l(fputc.o)
    0x08008fba   0x08008fba   0x00000002   PAD
    0x08008fbc   0x08008fbc   0x0000002c   Code   RO          938    locale$$code        c_w.l(lc_numeric_c.o)
    0x08008fe8   0x08008fe8   0x0000002c   Code   RO         1106    locale$$code        c_w.l(lc_ctype_c.o)
    0x08009014   0x08009014   0x00000004   Code   RO          765    x$fpl$printf1       fz_ws.l(printf1.o)
    0x08009018   0x08009018   0x00000004   Code   RO          767    x$fpl$printf2       fz_ws.l(printf2.o)
    0x0800901c   0x0800901c   0x00000000   Code   RO          773    x$fpl$usenofp       fz_ws.l(usenofp.o)
    0x0800901c   0x0800901c   0x00000008   Data   RO          637    .constdata          c_w.l(_printf_wctomb.o)
    0x08009024   0x08009024   0x00000028   Data   RO          666    .constdata          c_w.l(_printf_hex_int_ll_ptr.o)
    0x0800904c   0x0800904c   0x00000011   Data   RO          686    .constdata          c_w.l(__printf_flags_ss_wp.o)
    0x0800905d   0x0800905d   0x00000026   Data   RO          886    .constdata          c_w.l(_printf_fp_hex.o)
    0x08009083   0x08009083   0x00000004   Data   RO         1025    .constdata          c_w.l(sys_io_names.o)
    0x08009087   0x08009087   0x00000004   Data   RO         1026    .constdata          c_w.l(sys_io_names.o)
    0x0800908b   0x0800908b   0x00000004   Data   RO         1027    .constdata          c_w.l(sys_io_names.o)
    0x0800908f   0x0800908f   0x00000001   PAD
    0x08009090   0x08009090   0x00000094   Data   RO         1066    .constdata          c_w.l(bigflt0.o)
    0x08009124   0x08009124   0x00000002   Data   RO         1771    .rodata.HAL_RCC_GetSysClockFreq.aPredivFactorTable  lto-llvm-f38d27.o
    0x08009126   0x08009126   0x00000002   PAD
    0x08009128   0x08009128   0x00000028   Data   RO          523    .rodata._ZNSt3__26__itoa7__tableIvE10__pow10_32E  libcpp_w.l(string.cpp.o)
    0x08009150   0x08009150   0x000000c8   Data   RO          524    .rodata._ZNSt3__26__itoa7__tableIvE16__digits_base_10E  libcpp_w.l(string.cpp.o)
    0x08009218   0x08009218   0x00000020   Data   RO         1770    .rodata.cst16       lto-llvm-f38d27.o
    0x08009238   0x08009238   0x00000008   Data   RO         1773    .rodata.cst8        lto-llvm-f38d27.o
    0x08009240   0x08009240   0x000000a6   Data   RO         1774    .rodata.str1.1      lto-llvm-f38d27.o
    0x080092e6   0x080092e6   0x00000002   PAD
    0x080092e8   0x080092e8   0x0000000c   Data   RO         1789    .rodata.u8g2_cb_r0  lto-llvm-f38d27.o
    0x080092f4   0x080092f4   0x00000bdc   Data   RO         1784    .rodata.u8g2_font_8x13_mf  lto-llvm-f38d27.o
    0x08009ed0   0x08009ed0   0x00001620   Data   RO         1788    .rodata.u8g2_font_logisoso32_tf  lto-llvm-f38d27.o
    0x0800b4f0   0x0800b4f0   0x000005ce   Data   RO         1785    .rodata.u8g2_font_open_iconic_embedded_6x_t  lto-llvm-f38d27.o
    0x0800babe   0x0800babe   0x00000253   Data   RO         1786    .rodata.u8g2_font_open_iconic_weather_6x_t  lto-llvm-f38d27.o
    0x0800bd11   0x0800bd11   0x000044d9   Data   RO         1787    .rodata.u8g2_font_wqy15_t_chinese3  lto-llvm-f38d27.o
    0x080101ea   0x080101ea   0x00000007   Data   RO         1797    .rodata.u8x8_d_ssd1306_128x64_noname_flip0_seq  lto-llvm-f38d27.o
    0x080101f1   0x080101f1   0x00000007   Data   RO         1798    .rodata.u8x8_d_ssd1306_128x64_noname_flip1_seq  lto-llvm-f38d27.o
    0x080101f8   0x080101f8   0x00000005   Data   RO         1795    .rodata.u8x8_d_ssd1306_128x64_noname_powersave0_seq  lto-llvm-f38d27.o
    0x080101fd   0x080101fd   0x00000005   Data   RO         1796    .rodata.u8x8_d_ssd1306_128x64_noname_powersave1_seq  lto-llvm-f38d27.o
    0x08010202   0x08010202   0x00000007   Data   RO         1792    .rodata.u8x8_d_ssd1312_128x64_noname_flip0_seq  lto-llvm-f38d27.o
    0x08010209   0x08010209   0x00000007   Data   RO         1793    .rodata.u8x8_d_ssd1312_128x64_noname_flip1_seq  lto-llvm-f38d27.o
    0x08010210   0x08010210   0x00000035   Data   RO         1794    .rodata.u8x8_d_ssd1312_128x64_noname_init_seq  lto-llvm-f38d27.o
    0x08010245   0x08010245   0x00000003   PAD
    0x08010248   0x08010248   0x00000018   Data   RO         1791    .rodata.u8x8_ssd1306_128x64_noname_display_info  lto-llvm-f38d27.o
    0x08010260   0x08010260   0x00000020   Data   RO         1818    Region$$Table       anon$$obj.o
    0x08010280   0x08010280   0x0000001c   Data   RO          937    locale$$data        c_w.l(lc_numeric_c.o)
    0x0801029c   0x0801029c   0x00000110   Data   RO         1105    locale$$data        c_w.l(lc_ctype_c.o)
    0x080103ac   0x080103ac   0x00000004   Data   RO         1775    .init_array         lto-llvm-f38d27.o
    0x080103b0   0x080103ac   0x00000000   Data   RO         1809    .init_array         c_w.l(init_aeabi.o)


    Execution Region RW_IRAM1 (Exec base: 0x20000000, Load base: 0x080103b0, Size: 0x00001128, Max: 0x00005000, ABSOLUTE)

    Exec Addr    Load Addr    Size         Type   Attr      Idx    E Section Name        Object

    0x20000000   0x080103b0   0x00000004   Data   RW          732    .data               c_w.l(stdio_streams.o)
    0x20000004   0x080103b4   0x00000004   Data   RW          733    .data               c_w.l(stdio_streams.o)
    0x20000008   0x080103b8   0x00000004   Data   RW          734    .data               c_w.l(stdio_streams.o)
    0x2000000c   0x080103bc   0x00000004   Data   RW         1772    .data.SystemCoreClock  lto-llvm-f38d27.o
    0x20000010   0x080103c0   0x00000020   Data   RW         1778    .data.str           lto-llvm-f38d27.o
    0x20000030   0x080103e0   0x00000004   Data   RW         1769    .data.uwTickPrio    lto-llvm-f38d27.o
    0x20000034   0x080103e4   0x00000004   PAD
    0x20000038        -       0x00000054   Zero   RW          729    .bss                c_w.l(stdio_streams.o)
    0x2000008c        -       0x00000054   Zero   RW          730    .bss                c_w.l(stdio_streams.o)
    0x200000e0        -       0x00000054   Zero   RW          731    .bss                c_w.l(stdio_streams.o)
    0x20000134        -       0x00000060   Zero   RW          815    .bss                c_w.l(libspace.o)
    0x20000194        -       0x00000024   Zero   RW         1779    .bss._ZZ16drawScrollStringsPKcE3buf  lto-llvm-f38d27.o
    0x200001b8        -       0x00000020   Zero   RW         1780    .bss._ZZ16u8x8_byte_hw_i2cE6buffer  lto-llvm-f38d27.o
    0x200001d8        -       0x00000001   Zero   RW         1781    .bss._ZZ16u8x8_byte_hw_i2cE7buf_idx  lto-llvm-f38d27.o
    0x200001d9   0x080103e4   0x00000003   PAD
    0x200001dc        -       0x00000004   Zero   RW         1021    .bss.__cxa_new_handler  libcppabi_w.l(cxa_default_handlers.cpp.o)
    0x200001e0        -       0x00000138   Zero   RW         1777    .bss.commander      lto-llvm-f38d27.o
    0x20000318        -       0x00000044   Zero   RW         1766    .bss.hdma_usart1_rx  lto-llvm-f38d27.o
    0x2000035c        -       0x00000044   Zero   RW         1765    .bss.hdma_usart1_tx  lto-llvm-f38d27.o
    0x200003a0        -       0x00000054   Zero   RW         1782    .bss.hi2c2          lto-llvm-f38d27.o
    0x200003f4        -       0x00000048   Zero   RW         1767    .bss.huart1         lto-llvm-f38d27.o
    0x2000043c        -       0x000000a0   Zero   RW         1776    .bss.u8g2           lto-llvm-f38d27.o
    0x200004dc        -       0x00000400   Zero   RW         1783    .bss.u8g2_m_16_8_f.buf  lto-llvm-f38d27.o
    0x200008dc        -       0x00000001   Zero   RW         1790    .bss.u8x8_cad_ssd13xx_fast_i2c.in_transfer  lto-llvm-f38d27.o
    0x200008dd        -       0x00000040   Zero   RW         1764    .bss.uartBuff       lto-llvm-f38d27.o
    0x2000091d   0x080103e4   0x00000003   PAD
    0x20000920        -       0x00000004   Zero   RW         1768    .bss.uwTick         lto-llvm-f38d27.o
    0x20000924   0x080103e4   0x00000004   PAD
    0x20000928        -       0x00000400   Zero   RW            2    HEAP                startup_stm32f103xb.o
    0x20000d28        -       0x00000400   Zero   RW            1    STACK               startup_stm32f103xb.o


==============================================================================

Image component sizes


      Code (inc. data)   RO Data    RW Data    ZI Data      Debug   Object Name

     24716         82      28745         40       1926     347164   lto-llvm-f38d27.o
        64         26        236          0       2048        800   startup_stm32f103xb.o

    ----------------------------------------------------------------------
     24970        108      29020         40       3988     347964   Object Totals
         0          0         32          0          0          0   (incl. Generated)
       190          0          7          0         14          0   (incl. Padding)

    ----------------------------------------------------------------------

      Code (inc. data)   RO Data    RW Data    ZI Data      Debug   Library Member Name

         8          0          0          0          0         68   __main.o
       392          4         17          0          0         92   __printf_flags_ss_wp.o
        14          0          0          0          0         68   __printf_wp.o
         0          0          0          0          0          0   __rtentry.o
        12          0          0          0          0          0   __rtentry2.o
         6          0          0          0          0          0   __rtentry4.o
        52          8          0          0          0          0   __scatter.o
        26          0          0          0          0          0   __scatter_copy.o
        28          0          0          0          0          0   __scatter_zi.o
        72          0          0          0          0         96   _c16rtomb.o
         6          0          0          0          0          0   _printf_a.o
         6          0          0          0          0          0   _printf_c.o
        44          0          0          0          0        108   _printf_char.o
        48          6          0          0          0         96   _printf_char_common.o
        36          4          0          0          0         80   _printf_char_file.o
        40          0          0          0          0         68   _printf_charcount.o
         6          0          0          0          0          0   _printf_d.o
       120         16          0          0          0         92   _printf_dec.o
         6          0          0          0          0          0   _printf_e.o
         6          0          0          0          0          0   _printf_f.o
      1052          0          0          0          0        148   _printf_fp_dec.o
       764          8         38          0          0        100   _printf_fp_hex.o
       128         16          0          0          0         84   _printf_fp_infnan.o
         6          0          0          0          0          0   _printf_g.o
       148          4         40          0          0        160   _printf_hex_int_ll_ptr.o
         6          0          0          0          0          0   _printf_i.o
       178          0          0          0          0         88   _printf_intcommon.o
        10          0          0          0          0          0   _printf_l.o
         6          0          0          0          0          0   _printf_lc.o
        10          0          0          0          0          0   _printf_ll.o
         6          0          0          0          0          0   _printf_lld.o
         6          0          0          0          0          0   _printf_lli.o
         6          0          0          0          0          0   _printf_llo.o
         6          0          0          0          0          0   _printf_llu.o
         6          0          0          0          0          0   _printf_llx.o
       124         16          0          0          0         92   _printf_longlong_dec.o
         6          0          0          0          0          0   _printf_ls.o
         6          0          0          0          0          0   _printf_n.o
         6          0          0          0          0          0   _printf_o.o
       112          8          0          0          0        124   _printf_oct_int_ll.o
         6          0          0          0          0          0   _printf_p.o
        78          0          0          0          0        108   _printf_pad.o
         0          0          0          0          0          0   _printf_percent.o
         4          0          0          0          0          0   _printf_percent_end.o
         6          0          0          0          0          0   _printf_s.o
        82          0          0          0          0         80   _printf_str.o
        36          0          0          0          0         84   _printf_truncate.o
         6          0          0          0          0          0   _printf_u.o
        44          0          0          0          0        108   _printf_wchar.o
       188          6          8          0          0         92   _printf_wctomb.o
         6          0          0          0          0          0   _printf_x.o
        22          0          0          0          0         80   abort.o
        46          0          0          0          0         84   aeabi_atexit.o
       228          4        148          0          0         96   bigflt0.o
      1936        128          0          0          0        668   btod.o
        10          0          0          0          0         68   cxa_atexit.o
        66          0          0          0          0         84   cxa_finalize.o
        48         34          0          0          0         76   defsig_abrt_inner.o
        14          0          0          0          0         80   defsig_abrt_outer.o
        10          0          0          0          0         68   defsig_exit.o
        50          0          0          0          0         88   defsig_general.o
        80         58          0          0          0         76   defsig_rtmem_inner.o
        14          0          0          0          0         80   defsig_rtmem_outer.o
        52         38          0          0          0         76   defsig_rtred_inner.o
        14          0          0          0          0         80   defsig_rtred_outer.o
        18          0          0          0          0         80   exit.o
        76          0          0          0          0         88   fclose.o
         8          0          0          0          0         68   ferror.o
       482          0          0          0          0         92   flsbuf.o
       240          6          0          0          0        128   fopen.o
        28          0          0          0          0         68   fputc.o
       248          6          0          0          0         84   fseek.o
        66          0          0          0          0         76   ftell.o
        94          0          0          0          0         80   h1_alloc.o
        52          0          0          0          0         68   h1_extend.o
        78          0          0          0          0         80   h1_free.o
        14          0          0          0          0         84   h1_init.o
         6          0          0          0          0        152   heapauxi.o
         4          0          0          0          0        136   hguard.o
         0          0          0          0          0          0   indicate_semi.o
        36          8          0          0          0         80   init_aeabi.o
       138          0          0          0          0        168   init_alloc.o
       312         46          0          0          0        112   initio.o
        44         10        272          0          0         76   lc_ctype_c.o
        44         10         28          0          0         76   lc_numeric_c.o
         2          0          0          0          0          0   libinit.o
        46          0          0          0          0          0   libinit2.o
         2          0          0          0          0          0   libshutdown.o
        12          0          0          0          0          0   libshutdown2.o
         8          4          0          0         96         68   libspace.o
       138          0          0          0          0         80   lludiv10.o
         0          0          0          0          0          0   maybetermalloc1.o
        24          4          0          0          0         84   printf.o
        16          4          0          0          0         76   rt_ctype_table.o
         8          4          0          0          0         68   rt_ddtor_pointer_addr_intlibspace.o
         8          4          0          0          0         68   rt_errno_addr_intlibspace.o
         8          4          0          0          0         68   rt_heap_descriptor_intlibspace.o
         8          4          0          0          0         68   rt_locale_intlibspace.o
        68          0          0          0          0         68   rt_memclr.o
        78          0          0          0          0         80   rt_memclr_w.o
       138          0          0          0          0         68   rt_memcpy_v6.o
       100          0          0          0          0         80   rt_memcpy_w.o
         2          0          0          0          0          0   rtexit.o
        10          0          0          0          0          0   rtexit2.o
        70          0          0          0          0         80   setvbuf.o
       264          6          0          0          0        160   stdio.o
         0          0          0         12        252          0   stdio_streams.o
        20          0          0          0          0         68   strchr.o
       128          0          0          0          0         68   strcmpv7m.o
        72          0          0          0          0         80   strcpy.o
        62          0          0          0          0         76   strlen.o
       150          0          0          0          0         80   strncmp.o
        86          0          0          0          0         76   strncpy.o
        12          4          0          0          0         68   sys_exit.o
       102          0          0          0          0        240   sys_io.o
         0          0         12          0          0          0   sys_io_names.o
        74          0          0          0          0         80   sys_stackheap_outer.o
        14          0          0          0          0         76   sys_wrch.o
         2          0          0          0          0         68   use_no_semi.o
         4          0          0          0          0         68   printf1.o
         4          0          0          0          0         68   printf2.o
         0          0          0          0          0          0   usenofp.o
        54          0          0          0          0        380   new.cpp.o
      1272          0        240          0          0       4520   string.cpp.o
         0          0          0          0          4          0   cxa_default_handlers.cpp.o
        12          0          0          0          0        132   cxa_handlers.cpp.o
        40          0          0          0          0         68   fpclassify.o

    ----------------------------------------------------------------------
     11686        482        804         12        352      12868   Library Totals
        14          0          1          0          0          0   (incl. Padding)

    ----------------------------------------------------------------------

      Code (inc. data)   RO Data    RW Data    ZI Data      Debug   Library Name

     10286        482        563         12        348       7632   c_w.l
         8          0          0          0          0        136   fz_ws.l
      1326          0        240          0          0       4900   libcpp_w.l
        12          0          0          0          4        132   libcppabi_w.l
        40          0          0          0          0         68   m_ws.l

    ----------------------------------------------------------------------
     11686        482        804         12        352      12868   Library Totals

    ----------------------------------------------------------------------

==============================================================================


      Code (inc. data)   RO Data    RW Data    ZI Data      Debug   

     36656        590      29824         52       4340     356348   Grand Totals
     36656        590      29824         52       4340     356348   ELF Image Totals
     36656        590      29824         52          0          0   ROM Totals

==============================================================================

    Total RO  Size (Code + RO Data)                66480 (  64.92kB)
    Total RW  Size (RW Data + ZI Data)              4392 (   4.29kB)
    Total ROM Size (Code + RO Data + RW Data)      66532 (  64.97kB)

==============================================================================

